[0.128s] DEBUG:colcon:Command line arguments: ['/usr/bin/colcon', 'build', '--symlink-install']
[0.128s] DEBUG:colcon:Parsed command line arguments: Namespace(log_base=None, log_level=None, verb_name='build', build_base='build', install_base='install', merge_install=False, symlink_install=True, test_result_base=None, continue_on_error=False, executor='parallel', parallel_workers=8, event_handlers=None, ignore_user_meta=False, metas=['./colcon.meta'], base_paths=['.'], packages_ignore=None, packages_ignore_regex=None, paths=None, packages_up_to=None, packages_up_to_regex=None, packages_above=None, packages_above_and_dependencies=None, packages_above_depth=None, packages_select_by_dep=None, packages_skip_by_dep=None, packages_skip_up_to=None, packages_select_build_failed=False, packages_skip_build_finished=False, packages_select_test_failures=False, packages_skip_test_passed=False, packages_select=None, packages_skip=None, packages_select_regex=None, packages_skip_regex=None, packages_start=None, packages_end=None, allow_overriding=[], cmake_args=None, cmake_target=None, cmake_target_skip_unavailable=False, cmake_clean_cache=False, cmake_clean_first=False, cmake_force_configure=False, ament_cmake_args=None, catkin_cmake_args=None, catkin_skip_building_tests=False, verb_parser=<colcon_defaults.argument_parser.defaults.DefaultArgumentsDecorator object at 0x78a12c351b40>, verb_extension=<colcon_core.verb.build.BuildVerb object at 0x78a12c351600>, main=<bound method BuildVerb.main of <colcon_core.verb.build.BuildVerb object at 0x78a12c351600>>)
[0.337s] Level 1:colcon.colcon_core.package_discovery:discover_packages(colcon_meta) check parameters
[0.337s] Level 1:colcon.colcon_core.package_discovery:discover_packages(recursive) check parameters
[0.337s] Level 1:colcon.colcon_core.package_discovery:discover_packages(ignore) check parameters
[0.337s] Level 1:colcon.colcon_core.package_discovery:discover_packages(path) check parameters
[0.337s] Level 1:colcon.colcon_core.package_discovery:discover_packages(colcon_meta) discover
[0.337s] Level 1:colcon.colcon_core.package_discovery:discover_packages(recursive) discover
[0.337s] INFO:colcon.colcon_core.package_discovery:Crawling recursively for packages in '/home/p/amprob_repo/Amprob_Lab1_I/cartesian_trajectory_planning-main'
[0.338s] Level 1:colcon.colcon_core.package_identification:_identify(.) by extensions ['ignore', 'ignore_ament_install']
[0.338s] Level 1:colcon.colcon_core.package_identification:_identify(.) by extension 'ignore'
[0.338s] Level 1:colcon.colcon_core.package_identification:_identify(.) by extension 'ignore_ament_install'
[0.338s] Level 1:colcon.colcon_core.package_identification:_identify(.) by extensions ['colcon_pkg']
[0.338s] Level 1:colcon.colcon_core.package_identification:_identify(.) by extension 'colcon_pkg'
[0.338s] Level 1:colcon.colcon_core.package_identification:_identify(.) by extensions ['colcon_meta']
[0.338s] Level 1:colcon.colcon_core.package_identification:_identify(.) by extension 'colcon_meta'
[0.338s] Level 1:colcon.colcon_core.package_identification:_identify(.) by extensions ['ros']
[0.338s] Level 1:colcon.colcon_core.package_identification:_identify(.) by extension 'ros'
[0.353s] DEBUG:colcon.colcon_core.package_identification:Package '.' with type 'ros.ament_cmake' and name 'cartesian_trajectory_planning'
[0.353s] Level 1:colcon.colcon_core.package_discovery:discover_packages(recursive) using defaults
[0.353s] Level 1:colcon.colcon_core.package_discovery:discover_packages(ignore) discover
[0.354s] Level 1:colcon.colcon_core.package_discovery:discover_packages(ignore) using defaults
[0.354s] Level 1:colcon.colcon_core.package_discovery:discover_packages(path) discover
[0.354s] Level 1:colcon.colcon_core.package_discovery:discover_packages(path) using defaults
[0.401s] Level 1:colcon.colcon_core.package_discovery:discover_packages(prefix_path) check parameters
[0.401s] Level 1:colcon.colcon_core.package_discovery:discover_packages(prefix_path) discover
[0.404s] DEBUG:colcon.colcon_installed_package_information.package_discovery:Found 1 installed packages in /home/p/amprob_repo/Amprob_Lab1_I/cartesian_trajectory_planning-main/install
[0.405s] DEBUG:colcon.colcon_installed_package_information.package_discovery:Found 2 installed packages in /home/p/ros2_ws/install
[0.405s] DEBUG:colcon.colcon_installed_package_information.package_discovery:Found 2 installed packages in /home/p/Desktop/cypr/cypr2_ws/install
[0.406s] DEBUG:colcon.colcon_installed_package_information.package_discovery:Found 2 installed packages in /home/p/cypr_ws/install
[0.407s] DEBUG:colcon.colcon_installed_package_information.package_discovery:Found 0 installed packages in /home/p/ros/catkin_ws/install
[0.407s] DEBUG:colcon.colcon_installed_package_information.package_discovery:Found 2 installed packages in /home/p/install
[0.408s] DEBUG:colcon.colcon_installed_package_information.package_discovery:Found 3 installed packages in /home/p/rosgame_ws/install
[0.409s] DEBUG:colcon.colcon_installed_package_information.package_discovery:Found 2 installed packages in /home/p/labrob_ws/install
[0.411s] DEBUG:colcon.colcon_installed_package_information.package_discovery:Found 326 installed packages in /opt/ros/humble
[0.413s] Level 1:colcon.colcon_core.package_discovery:discover_packages(prefix_path) using defaults
[0.471s] Level 5:colcon.colcon_core.verb:set package 'cartesian_trajectory_planning' build argument 'cmake_args' from command line to 'None'
[0.471s] Level 5:colcon.colcon_core.verb:set package 'cartesian_trajectory_planning' build argument 'cmake_target' from command line to 'None'
[0.471s] Level 5:colcon.colcon_core.verb:set package 'cartesian_trajectory_planning' build argument 'cmake_target_skip_unavailable' from command line to 'False'
[0.471s] Level 5:colcon.colcon_core.verb:set package 'cartesian_trajectory_planning' build argument 'cmake_clean_cache' from command line to 'False'
[0.471s] Level 5:colcon.colcon_core.verb:set package 'cartesian_trajectory_planning' build argument 'cmake_clean_first' from command line to 'False'
[0.471s] Level 5:colcon.colcon_core.verb:set package 'cartesian_trajectory_planning' build argument 'cmake_force_configure' from command line to 'False'
[0.471s] Level 5:colcon.colcon_core.verb:set package 'cartesian_trajectory_planning' build argument 'ament_cmake_args' from command line to 'None'
[0.471s] Level 5:colcon.colcon_core.verb:set package 'cartesian_trajectory_planning' build argument 'catkin_cmake_args' from command line to 'None'
[0.471s] Level 5:colcon.colcon_core.verb:set package 'cartesian_trajectory_planning' build argument 'catkin_skip_building_tests' from command line to 'False'
[0.471s] DEBUG:colcon.colcon_core.verb:Building package 'cartesian_trajectory_planning' with the following arguments: {'ament_cmake_args': None, 'build_base': '/home/p/amprob_repo/Amprob_Lab1_I/cartesian_trajectory_planning-main/build/cartesian_trajectory_planning', 'catkin_cmake_args': None, 'catkin_skip_building_tests': False, 'cmake_args': None, 'cmake_clean_cache': False, 'cmake_clean_first': False, 'cmake_force_configure': False, 'cmake_target': None, 'cmake_target_skip_unavailable': False, 'install_base': '/home/p/amprob_repo/Amprob_Lab1_I/cartesian_trajectory_planning-main/install/cartesian_trajectory_planning', 'merge_install': False, 'path': '/home/p/amprob_repo/Amprob_Lab1_I/cartesian_trajectory_planning-main', 'symlink_install': True, 'test_result_base': None}
[0.472s] INFO:colcon.colcon_core.executor:Executing jobs using 'parallel' executor
[0.473s] DEBUG:colcon.colcon_parallel_executor.executor.parallel:run_until_complete
[0.474s] INFO:colcon.colcon_ros.task.ament_cmake.build:Building ROS package in '/home/p/amprob_repo/Amprob_Lab1_I/cartesian_trajectory_planning-main' with build type 'ament_cmake'
[0.474s] INFO:colcon.colcon_cmake.task.cmake.build:Building CMake package in '/home/p/amprob_repo/Amprob_Lab1_I/cartesian_trajectory_planning-main'
[0.476s] INFO:colcon.colcon_core.plugin_system:Skipping extension 'colcon_core.shell.bat': Not used on non-Windows systems
[0.476s] INFO:colcon.colcon_core.shell:Skip shell extension 'powershell' for command environment: Not usable outside of PowerShell
[0.476s] DEBUG:colcon.colcon_core.shell:Skip shell extension 'dsv' for command environment
[0.493s] DEBUG:colcon.colcon_core.event_handler.log_command:Invoking command in '/home/p/amprob_repo/Amprob_Lab1_I/cartesian_trajectory_planning-main/build/cartesian_trajectory_planning': CMAKE_PREFIX_PATH=${CMAKE_PREFIX_PATH}:/opt/ros/humble /usr/bin/cmake --build /home/p/amprob_repo/Amprob_Lab1_I/cartesian_trajectory_planning-main/build/cartesian_trajectory_planning -- -j8 -l8
[6.676s] DEBUG:colcon.colcon_core.event_handler.log_command:Invoked command in '/home/p/amprob_repo/Amprob_Lab1_I/cartesian_trajectory_planning-main/build/cartesian_trajectory_planning' returned '2': CMAKE_PREFIX_PATH=${CMAKE_PREFIX_PATH}:/opt/ros/humble /usr/bin/cmake --build /home/p/amprob_repo/Amprob_Lab1_I/cartesian_trajectory_planning-main/build/cartesian_trajectory_planning -- -j8 -l8
[6.677s] Level 1:colcon.colcon_core.environment:create_environment_scripts_only(cartesian_trajectory_planning)
[6.679s] Level 1:colcon.colcon_core.environment:checking '/home/p/amprob_repo/Amprob_Lab1_I/cartesian_trajectory_planning-main/install/cartesian_trajectory_planning' for CMake module files
[6.680s] Level 1:colcon.colcon_core.environment:checking '/home/p/amprob_repo/Amprob_Lab1_I/cartesian_trajectory_planning-main/install/cartesian_trajectory_planning' for CMake config files
[6.681s] Level 1:colcon.colcon_core.shell:create_environment_hook('cartesian_trajectory_planning', 'cmake_prefix_path')
[6.681s] INFO:colcon.colcon_core.shell:Creating environment hook '/home/p/amprob_repo/Amprob_Lab1_I/cartesian_trajectory_planning-main/install/cartesian_trajectory_planning/share/cartesian_trajectory_planning/hook/cmake_prefix_path.ps1'
[6.682s] INFO:colcon.colcon_core.shell:Creating environment descriptor '/home/p/amprob_repo/Amprob_Lab1_I/cartesian_trajectory_planning-main/install/cartesian_trajectory_planning/share/cartesian_trajectory_planning/hook/cmake_prefix_path.dsv'
[6.682s] INFO:colcon.colcon_core.shell:Creating environment hook '/home/p/amprob_repo/Amprob_Lab1_I/cartesian_trajectory_planning-main/install/cartesian_trajectory_planning/share/cartesian_trajectory_planning/hook/cmake_prefix_path.sh'
[6.683s] Level 1:colcon.colcon_core.environment:checking '/home/p/amprob_repo/Amprob_Lab1_I/cartesian_trajectory_planning-main/install/cartesian_trajectory_planning/lib'
[6.684s] Level 1:colcon.colcon_core.shell:create_environment_hook('cartesian_trajectory_planning', 'ld_library_path_lib')
[6.684s] INFO:colcon.colcon_core.shell:Creating environment hook '/home/p/amprob_repo/Amprob_Lab1_I/cartesian_trajectory_planning-main/install/cartesian_trajectory_planning/share/cartesian_trajectory_planning/hook/ld_library_path_lib.ps1'
[6.685s] INFO:colcon.colcon_core.shell:Creating environment descriptor '/home/p/amprob_repo/Amprob_Lab1_I/cartesian_trajectory_planning-main/install/cartesian_trajectory_planning/share/cartesian_trajectory_planning/hook/ld_library_path_lib.dsv'
[6.685s] INFO:colcon.colcon_core.shell:Creating environment hook '/home/p/amprob_repo/Amprob_Lab1_I/cartesian_trajectory_planning-main/install/cartesian_trajectory_planning/share/cartesian_trajectory_planning/hook/ld_library_path_lib.sh'
[6.685s] Level 1:colcon.colcon_core.environment:checking '/home/p/amprob_repo/Amprob_Lab1_I/cartesian_trajectory_planning-main/install/cartesian_trajectory_planning/bin'
[6.685s] Level 1:colcon.colcon_core.environment:checking '/home/p/amprob_repo/Amprob_Lab1_I/cartesian_trajectory_planning-main/install/cartesian_trajectory_planning/lib/pkgconfig/cartesian_trajectory_planning.pc'
[6.686s] Level 1:colcon.colcon_core.environment:checking '/home/p/amprob_repo/Amprob_Lab1_I/cartesian_trajectory_planning-main/install/cartesian_trajectory_planning/lib/python3.10/site-packages'
[6.686s] Level 1:colcon.colcon_core.environment:checking '/home/p/amprob_repo/Amprob_Lab1_I/cartesian_trajectory_planning-main/install/cartesian_trajectory_planning/bin'
[6.687s] INFO:colcon.colcon_core.shell:Creating package script '/home/p/amprob_repo/Amprob_Lab1_I/cartesian_trajectory_planning-main/install/cartesian_trajectory_planning/share/cartesian_trajectory_planning/package.ps1'
[6.689s] INFO:colcon.colcon_core.shell:Creating package descriptor '/home/p/amprob_repo/Amprob_Lab1_I/cartesian_trajectory_planning-main/install/cartesian_trajectory_planning/share/cartesian_trajectory_planning/package.dsv'
[6.690s] INFO:colcon.colcon_core.shell:Creating package script '/home/p/amprob_repo/Amprob_Lab1_I/cartesian_trajectory_planning-main/install/cartesian_trajectory_planning/share/cartesian_trajectory_planning/package.sh'
[6.691s] INFO:colcon.colcon_core.shell:Creating package script '/home/p/amprob_repo/Amprob_Lab1_I/cartesian_trajectory_planning-main/install/cartesian_trajectory_planning/share/cartesian_trajectory_planning/package.bash'
[6.692s] INFO:colcon.colcon_core.shell:Creating package script '/home/p/amprob_repo/Amprob_Lab1_I/cartesian_trajectory_planning-main/install/cartesian_trajectory_planning/share/cartesian_trajectory_planning/package.zsh'
[6.693s] Level 1:colcon.colcon_core.environment:create_file_with_runtime_dependencies(/home/p/amprob_repo/Amprob_Lab1_I/cartesian_trajectory_planning-main/install/cartesian_trajectory_planning/share/colcon-core/packages/cartesian_trajectory_planning)
[6.704s] DEBUG:colcon.colcon_parallel_executor.executor.parallel:closing loop
[6.704s] DEBUG:colcon.colcon_parallel_executor.executor.parallel:loop closed
[6.704s] DEBUG:colcon.colcon_parallel_executor.executor.parallel:run_until_complete finished with '2'
[6.704s] DEBUG:colcon.colcon_core.event_reactor:joining thread
[6.712s] INFO:colcon.colcon_core.plugin_system:Skipping extension 'colcon_notification.desktop_notification.terminal_notifier': Not used on non-Darwin systems
[6.712s] INFO:colcon.colcon_core.plugin_system:Skipping extension 'colcon_notification.desktop_notification.win32': Not used on non-Windows systems
[6.712s] INFO:colcon.colcon_notification.desktop_notification:Sending desktop notification using 'notify2'
[6.726s] DEBUG:colcon.colcon_core.event_reactor:joined thread
[6.727s] INFO:colcon.colcon_core.shell:Creating prefix script '/home/p/amprob_repo/Amprob_Lab1_I/cartesian_trajectory_planning-main/install/local_setup.ps1'
[6.728s] INFO:colcon.colcon_core.shell:Creating prefix util module '/home/p/amprob_repo/Amprob_Lab1_I/cartesian_trajectory_planning-main/install/_local_setup_util_ps1.py'
[6.731s] INFO:colcon.colcon_core.shell:Creating prefix chain script '/home/p/amprob_repo/Amprob_Lab1_I/cartesian_trajectory_planning-main/install/setup.ps1'
[6.733s] INFO:colcon.colcon_core.shell:Creating prefix script '/home/p/amprob_repo/Amprob_Lab1_I/cartesian_trajectory_planning-main/install/local_setup.sh'
[6.734s] INFO:colcon.colcon_core.shell:Creating prefix util module '/home/p/amprob_repo/Amprob_Lab1_I/cartesian_trajectory_planning-main/install/_local_setup_util_sh.py'
[6.734s] INFO:colcon.colcon_core.shell:Creating prefix chain script '/home/p/amprob_repo/Amprob_Lab1_I/cartesian_trajectory_planning-main/install/setup.sh'
[6.736s] INFO:colcon.colcon_core.shell:Creating prefix script '/home/p/amprob_repo/Amprob_Lab1_I/cartesian_trajectory_planning-main/install/local_setup.bash'
[6.737s] INFO:colcon.colcon_core.shell:Creating prefix chain script '/home/p/amprob_repo/Amprob_Lab1_I/cartesian_trajectory_planning-main/install/setup.bash'
[6.739s] INFO:colcon.colcon_core.shell:Creating prefix script '/home/p/amprob_repo/Amprob_Lab1_I/cartesian_trajectory_planning-main/install/local_setup.zsh'
[6.740s] INFO:colcon.colcon_core.shell:Creating prefix chain script '/home/p/amprob_repo/Amprob_Lab1_I/cartesian_trajectory_planning-main/install/setup.zsh'
