[0.134s] DEBUG:colcon:Command line arguments: ['/usr/bin/colcon', 'build', '--symlink-install']
[0.134s] DEBUG:colcon:Parsed command line arguments: Namespace(log_base=None, log_level=None, verb_name='build', build_base='build', install_base='install', merge_install=False, symlink_install=True, test_result_base=None, continue_on_error=False, executor='parallel', parallel_workers=8, event_handlers=None, ignore_user_meta=False, metas=['./colcon.meta'], base_paths=['.'], packages_ignore=None, packages_ignore_regex=None, paths=None, packages_up_to=None, packages_up_to_regex=None, packages_above=None, packages_above_and_dependencies=None, packages_above_depth=None, packages_select_by_dep=None, packages_skip_by_dep=None, packages_skip_up_to=None, packages_select_build_failed=False, packages_skip_build_finished=False, packages_select_test_failures=False, packages_skip_test_passed=False, packages_select=None, packages_skip=None, packages_select_regex=None, packages_skip_regex=None, packages_start=None, packages_end=None, allow_overriding=[], cmake_args=None, cmake_target=None, cmake_target_skip_unavailable=False, cmake_clean_cache=False, cmake_clean_first=False, cmake_force_configure=False, ament_cmake_args=None, catkin_cmake_args=None, catkin_skip_building_tests=False, verb_parser=<colcon_defaults.argument_parser.defaults.DefaultArgumentsDecorator object at 0x72cf17a65b40>, verb_extension=<colcon_core.verb.build.BuildVerb object at 0x72cf17a65600>, main=<bound method BuildVerb.main of <colcon_core.verb.build.BuildVerb object at 0x72cf17a65600>>)
[0.338s] Level 1:colcon.colcon_core.package_discovery:discover_packages(colcon_meta) check parameters
[0.339s] Level 1:colcon.colcon_core.package_discovery:discover_packages(recursive) check parameters
[0.339s] Level 1:colcon.colcon_core.package_discovery:discover_packages(ignore) check parameters
[0.339s] Level 1:colcon.colcon_core.package_discovery:discover_packages(path) check parameters
[0.339s] Level 1:colcon.colcon_core.package_discovery:discover_packages(colcon_meta) discover
[0.339s] Level 1:colcon.colcon_core.package_discovery:discover_packages(recursive) discover
[0.339s] INFO:colcon.colcon_core.package_discovery:Crawling recursively for packages in '/home/p/amprob_repo/Amprob_Lab1_I/cartesian_trajectory_planning-main'
[0.339s] Level 1:colcon.colcon_core.package_identification:_identify(.) by extensions ['ignore', 'ignore_ament_install']
[0.339s] Level 1:colcon.colcon_core.package_identification:_identify(.) by extension 'ignore'
[0.339s] Level 1:colcon.colcon_core.package_identification:_identify(.) by extension 'ignore_ament_install'
[0.339s] Level 1:colcon.colcon_core.package_identification:_identify(.) by extensions ['colcon_pkg']
[0.339s] Level 1:colcon.colcon_core.package_identification:_identify(.) by extension 'colcon_pkg'
[0.339s] Level 1:colcon.colcon_core.package_identification:_identify(.) by extensions ['colcon_meta']
[0.340s] Level 1:colcon.colcon_core.package_identification:_identify(.) by extension 'colcon_meta'
[0.340s] Level 1:colcon.colcon_core.package_identification:_identify(.) by extensions ['ros']
[0.340s] Level 1:colcon.colcon_core.package_identification:_identify(.) by extension 'ros'
[0.357s] DEBUG:colcon.colcon_core.package_identification:Package '.' with type 'ros.ament_cmake' and name 'cartesian_trajectory_planning'
[0.357s] Level 1:colcon.colcon_core.package_discovery:discover_packages(recursive) using defaults
[0.357s] Level 1:colcon.colcon_core.package_discovery:discover_packages(ignore) discover
[0.357s] Level 1:colcon.colcon_core.package_discovery:discover_packages(ignore) using defaults
[0.357s] Level 1:colcon.colcon_core.package_discovery:discover_packages(path) discover
[0.357s] Level 1:colcon.colcon_core.package_discovery:discover_packages(path) using defaults
[0.404s] Level 1:colcon.colcon_core.package_discovery:discover_packages(prefix_path) check parameters
[0.404s] Level 1:colcon.colcon_core.package_discovery:discover_packages(prefix_path) discover
[0.408s] DEBUG:colcon.colcon_installed_package_information.package_discovery:Found 1 installed packages in /home/p/amprob_repo/Amprob_Lab1_I/cartesian_trajectory_planning-main/install
[0.409s] DEBUG:colcon.colcon_installed_package_information.package_discovery:Found 2 installed packages in /home/p/ros2_ws/install
[0.409s] DEBUG:colcon.colcon_installed_package_information.package_discovery:Found 2 installed packages in /home/p/Desktop/cypr/cypr2_ws/install
[0.410s] DEBUG:colcon.colcon_installed_package_information.package_discovery:Found 2 installed packages in /home/p/cypr_ws/install
[0.411s] DEBUG:colcon.colcon_installed_package_information.package_discovery:Found 0 installed packages in /home/p/ros/catkin_ws/install
[0.411s] DEBUG:colcon.colcon_installed_package_information.package_discovery:Found 2 installed packages in /home/p/install
[0.412s] DEBUG:colcon.colcon_installed_package_information.package_discovery:Found 3 installed packages in /home/p/rosgame_ws/install
[0.412s] DEBUG:colcon.colcon_installed_package_information.package_discovery:Found 2 installed packages in /home/p/labrob_ws/install
[0.414s] DEBUG:colcon.colcon_installed_package_information.package_discovery:Found 326 installed packages in /opt/ros/humble
[0.416s] Level 1:colcon.colcon_core.package_discovery:discover_packages(prefix_path) using defaults
[0.474s] Level 5:colcon.colcon_core.verb:set package 'cartesian_trajectory_planning' build argument 'cmake_args' from command line to 'None'
[0.474s] Level 5:colcon.colcon_core.verb:set package 'cartesian_trajectory_planning' build argument 'cmake_target' from command line to 'None'
[0.474s] Level 5:colcon.colcon_core.verb:set package 'cartesian_trajectory_planning' build argument 'cmake_target_skip_unavailable' from command line to 'False'
[0.474s] Level 5:colcon.colcon_core.verb:set package 'cartesian_trajectory_planning' build argument 'cmake_clean_cache' from command line to 'False'
[0.474s] Level 5:colcon.colcon_core.verb:set package 'cartesian_trajectory_planning' build argument 'cmake_clean_first' from command line to 'False'
[0.474s] Level 5:colcon.colcon_core.verb:set package 'cartesian_trajectory_planning' build argument 'cmake_force_configure' from command line to 'False'
[0.474s] Level 5:colcon.colcon_core.verb:set package 'cartesian_trajectory_planning' build argument 'ament_cmake_args' from command line to 'None'
[0.474s] Level 5:colcon.colcon_core.verb:set package 'cartesian_trajectory_planning' build argument 'catkin_cmake_args' from command line to 'None'
[0.474s] Level 5:colcon.colcon_core.verb:set package 'cartesian_trajectory_planning' build argument 'catkin_skip_building_tests' from command line to 'False'
[0.475s] DEBUG:colcon.colcon_core.verb:Building package 'cartesian_trajectory_planning' with the following arguments: {'ament_cmake_args': None, 'build_base': '/home/p/amprob_repo/Amprob_Lab1_I/cartesian_trajectory_planning-main/build/cartesian_trajectory_planning', 'catkin_cmake_args': None, 'catkin_skip_building_tests': False, 'cmake_args': None, 'cmake_clean_cache': False, 'cmake_clean_first': False, 'cmake_force_configure': False, 'cmake_target': None, 'cmake_target_skip_unavailable': False, 'install_base': '/home/p/amprob_repo/Amprob_Lab1_I/cartesian_trajectory_planning-main/install/cartesian_trajectory_planning', 'merge_install': False, 'path': '/home/p/amprob_repo/Amprob_Lab1_I/cartesian_trajectory_planning-main', 'symlink_install': True, 'test_result_base': None}
[0.475s] INFO:colcon.colcon_core.executor:Executing jobs using 'parallel' executor
[0.476s] DEBUG:colcon.colcon_parallel_executor.executor.parallel:run_until_complete
[0.477s] INFO:colcon.colcon_ros.task.ament_cmake.build:Building ROS package in '/home/p/amprob_repo/Amprob_Lab1_I/cartesian_trajectory_planning-main' with build type 'ament_cmake'
[0.477s] INFO:colcon.colcon_cmake.task.cmake.build:Building CMake package in '/home/p/amprob_repo/Amprob_Lab1_I/cartesian_trajectory_planning-main'
[0.480s] INFO:colcon.colcon_core.plugin_system:Skipping extension 'colcon_core.shell.bat': Not used on non-Windows systems
[0.480s] INFO:colcon.colcon_core.shell:Skip shell extension 'powershell' for command environment: Not usable outside of PowerShell
[0.480s] DEBUG:colcon.colcon_core.shell:Skip shell extension 'dsv' for command environment
[0.496s] DEBUG:colcon.colcon_core.event_handler.log_command:Invoking command in '/home/p/amprob_repo/Amprob_Lab1_I/cartesian_trajectory_planning-main/build/cartesian_trajectory_planning': CMAKE_PREFIX_PATH=${CMAKE_PREFIX_PATH}:/opt/ros/humble /usr/bin/cmake --build /home/p/amprob_repo/Amprob_Lab1_I/cartesian_trajectory_planning-main/build/cartesian_trajectory_planning -- -j8 -l8
[6.502s] DEBUG:colcon.colcon_core.event_handler.log_command:Invoked command in '/home/p/amprob_repo/Amprob_Lab1_I/cartesian_trajectory_planning-main/build/cartesian_trajectory_planning' returned '2': CMAKE_PREFIX_PATH=${CMAKE_PREFIX_PATH}:/opt/ros/humble /usr/bin/cmake --build /home/p/amprob_repo/Amprob_Lab1_I/cartesian_trajectory_planning-main/build/cartesian_trajectory_planning -- -j8 -l8
[6.503s] Level 1:colcon.colcon_core.environment:create_environment_scripts_only(cartesian_trajectory_planning)
[6.506s] Level 1:colcon.colcon_core.environment:checking '/home/p/amprob_repo/Amprob_Lab1_I/cartesian_trajectory_planning-main/install/cartesian_trajectory_planning' for CMake module files
[6.507s] Level 1:colcon.colcon_core.environment:checking '/home/p/amprob_repo/Amprob_Lab1_I/cartesian_trajectory_planning-main/install/cartesian_trajectory_planning' for CMake config files
[6.508s] Level 1:colcon.colcon_core.shell:create_environment_hook('cartesian_trajectory_planning', 'cmake_prefix_path')
[6.508s] INFO:colcon.colcon_core.shell:Creating environment hook '/home/p/amprob_repo/Amprob_Lab1_I/cartesian_trajectory_planning-main/install/cartesian_trajectory_planning/share/cartesian_trajectory_planning/hook/cmake_prefix_path.ps1'
[6.509s] INFO:colcon.colcon_core.shell:Creating environment descriptor '/home/p/amprob_repo/Amprob_Lab1_I/cartesian_trajectory_planning-main/install/cartesian_trajectory_planning/share/cartesian_trajectory_planning/hook/cmake_prefix_path.dsv'
[6.510s] INFO:colcon.colcon_core.shell:Creating environment hook '/home/p/amprob_repo/Amprob_Lab1_I/cartesian_trajectory_planning-main/install/cartesian_trajectory_planning/share/cartesian_trajectory_planning/hook/cmake_prefix_path.sh'
[6.511s] Level 1:colcon.colcon_core.environment:checking '/home/p/amprob_repo/Amprob_Lab1_I/cartesian_trajectory_planning-main/install/cartesian_trajectory_planning/lib'
[6.511s] Level 1:colcon.colcon_core.shell:create_environment_hook('cartesian_trajectory_planning', 'ld_library_path_lib')
[6.511s] INFO:colcon.colcon_core.shell:Creating environment hook '/home/p/amprob_repo/Amprob_Lab1_I/cartesian_trajectory_planning-main/install/cartesian_trajectory_planning/share/cartesian_trajectory_planning/hook/ld_library_path_lib.ps1'
[6.512s] INFO:colcon.colcon_core.shell:Creating environment descriptor '/home/p/amprob_repo/Amprob_Lab1_I/cartesian_trajectory_planning-main/install/cartesian_trajectory_planning/share/cartesian_trajectory_planning/hook/ld_library_path_lib.dsv'
[6.512s] INFO:colcon.colcon_core.shell:Creating environment hook '/home/p/amprob_repo/Amprob_Lab1_I/cartesian_trajectory_planning-main/install/cartesian_trajectory_planning/share/cartesian_trajectory_planning/hook/ld_library_path_lib.sh'
[6.513s] Level 1:colcon.colcon_core.environment:checking '/home/p/amprob_repo/Amprob_Lab1_I/cartesian_trajectory_planning-main/install/cartesian_trajectory_planning/bin'
[6.513s] Level 1:colcon.colcon_core.environment:checking '/home/p/amprob_repo/Amprob_Lab1_I/cartesian_trajectory_planning-main/install/cartesian_trajectory_planning/lib/pkgconfig/cartesian_trajectory_planning.pc'
[6.513s] Level 1:colcon.colcon_core.environment:checking '/home/p/amprob_repo/Amprob_Lab1_I/cartesian_trajectory_planning-main/install/cartesian_trajectory_planning/lib/python3.10/site-packages'
[6.513s] Level 1:colcon.colcon_core.environment:checking '/home/p/amprob_repo/Amprob_Lab1_I/cartesian_trajectory_planning-main/install/cartesian_trajectory_planning/bin'
[6.514s] INFO:colcon.colcon_core.shell:Creating package script '/home/p/amprob_repo/Amprob_Lab1_I/cartesian_trajectory_planning-main/install/cartesian_trajectory_planning/share/cartesian_trajectory_planning/package.ps1'
[6.515s] INFO:colcon.colcon_core.shell:Creating package descriptor '/home/p/amprob_repo/Amprob_Lab1_I/cartesian_trajectory_planning-main/install/cartesian_trajectory_planning/share/cartesian_trajectory_planning/package.dsv'
[6.516s] INFO:colcon.colcon_core.shell:Creating package script '/home/p/amprob_repo/Amprob_Lab1_I/cartesian_trajectory_planning-main/install/cartesian_trajectory_planning/share/cartesian_trajectory_planning/package.sh'
[6.517s] INFO:colcon.colcon_core.shell:Creating package script '/home/p/amprob_repo/Amprob_Lab1_I/cartesian_trajectory_planning-main/install/cartesian_trajectory_planning/share/cartesian_trajectory_planning/package.bash'
[6.518s] INFO:colcon.colcon_core.shell:Creating package script '/home/p/amprob_repo/Amprob_Lab1_I/cartesian_trajectory_planning-main/install/cartesian_trajectory_planning/share/cartesian_trajectory_planning/package.zsh'
[6.519s] Level 1:colcon.colcon_core.environment:create_file_with_runtime_dependencies(/home/p/amprob_repo/Amprob_Lab1_I/cartesian_trajectory_planning-main/install/cartesian_trajectory_planning/share/colcon-core/packages/cartesian_trajectory_planning)
[6.529s] DEBUG:colcon.colcon_parallel_executor.executor.parallel:closing loop
[6.530s] DEBUG:colcon.colcon_parallel_executor.executor.parallel:loop closed
[6.530s] DEBUG:colcon.colcon_parallel_executor.executor.parallel:run_until_complete finished with '2'
[6.530s] DEBUG:colcon.colcon_core.event_reactor:joining thread
[6.538s] INFO:colcon.colcon_core.plugin_system:Skipping extension 'colcon_notification.desktop_notification.terminal_notifier': Not used on non-Darwin systems
[6.539s] INFO:colcon.colcon_core.plugin_system:Skipping extension 'colcon_notification.desktop_notification.win32': Not used on non-Windows systems
[6.539s] INFO:colcon.colcon_notification.desktop_notification:Sending desktop notification using 'notify2'
[6.553s] DEBUG:colcon.colcon_core.event_reactor:joined thread
[6.554s] INFO:colcon.colcon_core.shell:Creating prefix script '/home/p/amprob_repo/Amprob_Lab1_I/cartesian_trajectory_planning-main/install/local_setup.ps1'
[6.555s] INFO:colcon.colcon_core.shell:Creating prefix util module '/home/p/amprob_repo/Amprob_Lab1_I/cartesian_trajectory_planning-main/install/_local_setup_util_ps1.py'
[6.558s] INFO:colcon.colcon_core.shell:Creating prefix chain script '/home/p/amprob_repo/Amprob_Lab1_I/cartesian_trajectory_planning-main/install/setup.ps1'
[6.560s] INFO:colcon.colcon_core.shell:Creating prefix script '/home/p/amprob_repo/Amprob_Lab1_I/cartesian_trajectory_planning-main/install/local_setup.sh'
[6.561s] INFO:colcon.colcon_core.shell:Creating prefix util module '/home/p/amprob_repo/Amprob_Lab1_I/cartesian_trajectory_planning-main/install/_local_setup_util_sh.py'
[6.561s] INFO:colcon.colcon_core.shell:Creating prefix chain script '/home/p/amprob_repo/Amprob_Lab1_I/cartesian_trajectory_planning-main/install/setup.sh'
[6.563s] INFO:colcon.colcon_core.shell:Creating prefix script '/home/p/amprob_repo/Amprob_Lab1_I/cartesian_trajectory_planning-main/install/local_setup.bash'
[6.564s] INFO:colcon.colcon_core.shell:Creating prefix chain script '/home/p/amprob_repo/Amprob_Lab1_I/cartesian_trajectory_planning-main/install/setup.bash'
[6.566s] INFO:colcon.colcon_core.shell:Creating prefix script '/home/p/amprob_repo/Amprob_Lab1_I/cartesian_trajectory_planning-main/install/local_setup.zsh'
[6.567s] INFO:colcon.colcon_core.shell:Creating prefix chain script '/home/p/amprob_repo/Amprob_Lab1_I/cartesian_trajectory_planning-main/install/setup.zsh'
