[0.136s] DEBUG:colcon:Command line arguments: ['/usr/bin/colcon', 'build', '--symlink-install']
[0.136s] DEBUG:colcon:Parsed command line arguments: Namespace(log_base=None, log_level=None, verb_name='build', build_base='build', install_base='install', merge_install=False, symlink_install=True, test_result_base=None, continue_on_error=False, executor='parallel', parallel_workers=8, event_handlers=None, ignore_user_meta=False, metas=['./colcon.meta'], base_paths=['.'], packages_ignore=None, packages_ignore_regex=None, paths=None, packages_up_to=None, packages_up_to_regex=None, packages_above=None, packages_above_and_dependencies=None, packages_above_depth=None, packages_select_by_dep=None, packages_skip_by_dep=None, packages_skip_up_to=None, packages_select_build_failed=False, packages_skip_build_finished=False, packages_select_test_failures=False, packages_skip_test_passed=False, packages_select=None, packages_skip=None, packages_select_regex=None, packages_skip_regex=None, packages_start=None, packages_end=None, allow_overriding=[], cmake_args=None, cmake_target=None, cmake_target_skip_unavailable=False, cmake_clean_cache=False, cmake_clean_first=False, cmake_force_configure=False, ament_cmake_args=None, catkin_cmake_args=None, catkin_skip_building_tests=False, verb_parser=<colcon_defaults.argument_parser.defaults.DefaultArgumentsDecorator object at 0x79d735f55b40>, verb_extension=<colcon_core.verb.build.BuildVerb object at 0x79d735f55600>, main=<bound method BuildVerb.main of <colcon_core.verb.build.BuildVerb object at 0x79d735f55600>>)
[0.347s] Level 1:colcon.colcon_core.package_discovery:discover_packages(colcon_meta) check parameters
[0.347s] Level 1:colcon.colcon_core.package_discovery:discover_packages(recursive) check parameters
[0.347s] Level 1:colcon.colcon_core.package_discovery:discover_packages(ignore) check parameters
[0.347s] Level 1:colcon.colcon_core.package_discovery:discover_packages(path) check parameters
[0.347s] Level 1:colcon.colcon_core.package_discovery:discover_packages(colcon_meta) discover
[0.347s] Level 1:colcon.colcon_core.package_discovery:discover_packages(recursive) discover
[0.347s] INFO:colcon.colcon_core.package_discovery:Crawling recursively for packages in '/home/p/amprob_repo/Amprob_Lab1_I/cartesian_trajectory_planning-main'
[0.347s] Level 1:colcon.colcon_core.package_identification:_identify(.) by extensions ['ignore', 'ignore_ament_install']
[0.347s] Level 1:colcon.colcon_core.package_identification:_identify(.) by extension 'ignore'
[0.347s] Level 1:colcon.colcon_core.package_identification:_identify(.) by extension 'ignore_ament_install'
[0.347s] Level 1:colcon.colcon_core.package_identification:_identify(.) by extensions ['colcon_pkg']
[0.347s] Level 1:colcon.colcon_core.package_identification:_identify(.) by extension 'colcon_pkg'
[0.347s] Level 1:colcon.colcon_core.package_identification:_identify(.) by extensions ['colcon_meta']
[0.347s] Level 1:colcon.colcon_core.package_identification:_identify(.) by extension 'colcon_meta'
[0.347s] Level 1:colcon.colcon_core.package_identification:_identify(.) by extensions ['ros']
[0.347s] Level 1:colcon.colcon_core.package_identification:_identify(.) by extension 'ros'
[0.371s] DEBUG:colcon.colcon_core.package_identification:Package '.' with type 'ros.ament_cmake' and name 'cartesian_trajectory_planning'
[0.371s] Level 1:colcon.colcon_core.package_discovery:discover_packages(recursive) using defaults
[0.371s] Level 1:colcon.colcon_core.package_discovery:discover_packages(ignore) discover
[0.371s] Level 1:colcon.colcon_core.package_discovery:discover_packages(ignore) using defaults
[0.371s] Level 1:colcon.colcon_core.package_discovery:discover_packages(path) discover
[0.371s] Level 1:colcon.colcon_core.package_discovery:discover_packages(path) using defaults
[0.416s] Level 1:colcon.colcon_core.package_discovery:discover_packages(prefix_path) check parameters
[0.416s] Level 1:colcon.colcon_core.package_discovery:discover_packages(prefix_path) discover
[0.421s] DEBUG:colcon.colcon_installed_package_information.package_discovery:Found 1 installed packages in /home/p/amprob_repo/Amprob_Lab1_I/cartesian_trajectory_planning-main/install
[0.422s] DEBUG:colcon.colcon_installed_package_information.package_discovery:Found 2 installed packages in /home/p/ros2_ws/install
[0.423s] DEBUG:colcon.colcon_installed_package_information.package_discovery:Found 2 installed packages in /home/p/Desktop/cypr/cypr2_ws/install
[0.424s] DEBUG:colcon.colcon_installed_package_information.package_discovery:Found 2 installed packages in /home/p/cypr_ws/install
[0.425s] DEBUG:colcon.colcon_installed_package_information.package_discovery:Found 0 installed packages in /home/p/ros/catkin_ws/install
[0.425s] DEBUG:colcon.colcon_installed_package_information.package_discovery:Found 2 installed packages in /home/p/install
[0.426s] DEBUG:colcon.colcon_installed_package_information.package_discovery:Found 3 installed packages in /home/p/rosgame_ws/install
[0.426s] DEBUG:colcon.colcon_installed_package_information.package_discovery:Found 2 installed packages in /home/p/labrob_ws/install
[0.428s] DEBUG:colcon.colcon_installed_package_information.package_discovery:Found 326 installed packages in /opt/ros/humble
[0.431s] Level 1:colcon.colcon_core.package_discovery:discover_packages(prefix_path) using defaults
[0.492s] Level 5:colcon.colcon_core.verb:set package 'cartesian_trajectory_planning' build argument 'cmake_args' from command line to 'None'
[0.493s] Level 5:colcon.colcon_core.verb:set package 'cartesian_trajectory_planning' build argument 'cmake_target' from command line to 'None'
[0.493s] Level 5:colcon.colcon_core.verb:set package 'cartesian_trajectory_planning' build argument 'cmake_target_skip_unavailable' from command line to 'False'
[0.493s] Level 5:colcon.colcon_core.verb:set package 'cartesian_trajectory_planning' build argument 'cmake_clean_cache' from command line to 'False'
[0.493s] Level 5:colcon.colcon_core.verb:set package 'cartesian_trajectory_planning' build argument 'cmake_clean_first' from command line to 'False'
[0.493s] Level 5:colcon.colcon_core.verb:set package 'cartesian_trajectory_planning' build argument 'cmake_force_configure' from command line to 'False'
[0.493s] Level 5:colcon.colcon_core.verb:set package 'cartesian_trajectory_planning' build argument 'ament_cmake_args' from command line to 'None'
[0.493s] Level 5:colcon.colcon_core.verb:set package 'cartesian_trajectory_planning' build argument 'catkin_cmake_args' from command line to 'None'
[0.493s] Level 5:colcon.colcon_core.verb:set package 'cartesian_trajectory_planning' build argument 'catkin_skip_building_tests' from command line to 'False'
[0.493s] DEBUG:colcon.colcon_core.verb:Building package 'cartesian_trajectory_planning' with the following arguments: {'ament_cmake_args': None, 'build_base': '/home/p/amprob_repo/Amprob_Lab1_I/cartesian_trajectory_planning-main/build/cartesian_trajectory_planning', 'catkin_cmake_args': None, 'catkin_skip_building_tests': False, 'cmake_args': None, 'cmake_clean_cache': False, 'cmake_clean_first': False, 'cmake_force_configure': False, 'cmake_target': None, 'cmake_target_skip_unavailable': False, 'install_base': '/home/p/amprob_repo/Amprob_Lab1_I/cartesian_trajectory_planning-main/install/cartesian_trajectory_planning', 'merge_install': False, 'path': '/home/p/amprob_repo/Amprob_Lab1_I/cartesian_trajectory_planning-main', 'symlink_install': True, 'test_result_base': None}
[0.493s] INFO:colcon.colcon_core.executor:Executing jobs using 'parallel' executor
[0.494s] DEBUG:colcon.colcon_parallel_executor.executor.parallel:run_until_complete
[0.495s] INFO:colcon.colcon_ros.task.ament_cmake.build:Building ROS package in '/home/p/amprob_repo/Amprob_Lab1_I/cartesian_trajectory_planning-main' with build type 'ament_cmake'
[0.495s] INFO:colcon.colcon_cmake.task.cmake.build:Building CMake package in '/home/p/amprob_repo/Amprob_Lab1_I/cartesian_trajectory_planning-main'
[0.498s] INFO:colcon.colcon_core.plugin_system:Skipping extension 'colcon_core.shell.bat': Not used on non-Windows systems
[0.498s] INFO:colcon.colcon_core.shell:Skip shell extension 'powershell' for command environment: Not usable outside of PowerShell
[0.498s] DEBUG:colcon.colcon_core.shell:Skip shell extension 'dsv' for command environment
[0.513s] DEBUG:colcon.colcon_core.event_handler.log_command:Invoking command in '/home/p/amprob_repo/Amprob_Lab1_I/cartesian_trajectory_planning-main/build/cartesian_trajectory_planning': CMAKE_PREFIX_PATH=${CMAKE_PREFIX_PATH}:/opt/ros/humble /usr/bin/cmake --build /home/p/amprob_repo/Amprob_Lab1_I/cartesian_trajectory_planning-main/build/cartesian_trajectory_planning -- -j8 -l8
[0.627s] DEBUG:colcon.colcon_core.event_handler.log_command:Invoked command in '/home/p/amprob_repo/Amprob_Lab1_I/cartesian_trajectory_planning-main/build/cartesian_trajectory_planning' returned '0': CMAKE_PREFIX_PATH=${CMAKE_PREFIX_PATH}:/opt/ros/humble /usr/bin/cmake --build /home/p/amprob_repo/Amprob_Lab1_I/cartesian_trajectory_planning-main/build/cartesian_trajectory_planning -- -j8 -l8
[0.642s] DEBUG:colcon.colcon_core.event_handler.log_command:Invoking command in '/home/p/amprob_repo/Amprob_Lab1_I/cartesian_trajectory_planning-main/build/cartesian_trajectory_planning': CMAKE_PREFIX_PATH=${CMAKE_PREFIX_PATH}:/opt/ros/humble /usr/bin/cmake --install /home/p/amprob_repo/Amprob_Lab1_I/cartesian_trajectory_planning-main/build/cartesian_trajectory_planning
[0.688s] Level 1:colcon.colcon_core.environment:create_environment_scripts_only(cartesian_trajectory_planning)
[0.689s] DEBUG:colcon.colcon_core.event_handler.log_command:Invoked command in '/home/p/amprob_repo/Amprob_Lab1_I/cartesian_trajectory_planning-main/build/cartesian_trajectory_planning' returned '0': CMAKE_PREFIX_PATH=${CMAKE_PREFIX_PATH}:/opt/ros/humble /usr/bin/cmake --install /home/p/amprob_repo/Amprob_Lab1_I/cartesian_trajectory_planning-main/build/cartesian_trajectory_planning
[0.691s] Level 1:colcon.colcon_core.environment:checking '/home/p/amprob_repo/Amprob_Lab1_I/cartesian_trajectory_planning-main/install/cartesian_trajectory_planning' for CMake module files
[0.692s] Level 1:colcon.colcon_core.environment:checking '/home/p/amprob_repo/Amprob_Lab1_I/cartesian_trajectory_planning-main/install/cartesian_trajectory_planning' for CMake config files
[0.693s] Level 1:colcon.colcon_core.shell:create_environment_hook('cartesian_trajectory_planning', 'cmake_prefix_path')
[0.693s] INFO:colcon.colcon_core.shell:Creating environment hook '/home/p/amprob_repo/Amprob_Lab1_I/cartesian_trajectory_planning-main/install/cartesian_trajectory_planning/share/cartesian_trajectory_planning/hook/cmake_prefix_path.ps1'
[0.694s] INFO:colcon.colcon_core.shell:Creating environment descriptor '/home/p/amprob_repo/Amprob_Lab1_I/cartesian_trajectory_planning-main/install/cartesian_trajectory_planning/share/cartesian_trajectory_planning/hook/cmake_prefix_path.dsv'
[0.695s] INFO:colcon.colcon_core.shell:Creating environment hook '/home/p/amprob_repo/Amprob_Lab1_I/cartesian_trajectory_planning-main/install/cartesian_trajectory_planning/share/cartesian_trajectory_planning/hook/cmake_prefix_path.sh'
[0.696s] Level 1:colcon.colcon_core.environment:checking '/home/p/amprob_repo/Amprob_Lab1_I/cartesian_trajectory_planning-main/install/cartesian_trajectory_planning/lib'
[0.696s] Level 1:colcon.colcon_core.shell:create_environment_hook('cartesian_trajectory_planning', 'ld_library_path_lib')
[0.697s] INFO:colcon.colcon_core.shell:Creating environment hook '/home/p/amprob_repo/Amprob_Lab1_I/cartesian_trajectory_planning-main/install/cartesian_trajectory_planning/share/cartesian_trajectory_planning/hook/ld_library_path_lib.ps1'
[0.697s] INFO:colcon.colcon_core.shell:Creating environment descriptor '/home/p/amprob_repo/Amprob_Lab1_I/cartesian_trajectory_planning-main/install/cartesian_trajectory_planning/share/cartesian_trajectory_planning/hook/ld_library_path_lib.dsv'
[0.698s] INFO:colcon.colcon_core.shell:Creating environment hook '/home/p/amprob_repo/Amprob_Lab1_I/cartesian_trajectory_planning-main/install/cartesian_trajectory_planning/share/cartesian_trajectory_planning/hook/ld_library_path_lib.sh'
[0.698s] Level 1:colcon.colcon_core.environment:checking '/home/p/amprob_repo/Amprob_Lab1_I/cartesian_trajectory_planning-main/install/cartesian_trajectory_planning/bin'
[0.698s] Level 1:colcon.colcon_core.environment:checking '/home/p/amprob_repo/Amprob_Lab1_I/cartesian_trajectory_planning-main/install/cartesian_trajectory_planning/lib/pkgconfig/cartesian_trajectory_planning.pc'
[0.699s] Level 1:colcon.colcon_core.environment:checking '/home/p/amprob_repo/Amprob_Lab1_I/cartesian_trajectory_planning-main/install/cartesian_trajectory_planning/lib/python3.10/site-packages'
[0.699s] Level 1:colcon.colcon_core.environment:checking '/home/p/amprob_repo/Amprob_Lab1_I/cartesian_trajectory_planning-main/install/cartesian_trajectory_planning/bin'
[0.700s] INFO:colcon.colcon_core.shell:Creating package script '/home/p/amprob_repo/Amprob_Lab1_I/cartesian_trajectory_planning-main/install/cartesian_trajectory_planning/share/cartesian_trajectory_planning/package.ps1'
[0.701s] INFO:colcon.colcon_core.shell:Creating package descriptor '/home/p/amprob_repo/Amprob_Lab1_I/cartesian_trajectory_planning-main/install/cartesian_trajectory_planning/share/cartesian_trajectory_planning/package.dsv'
[0.702s] INFO:colcon.colcon_core.shell:Creating package script '/home/p/amprob_repo/Amprob_Lab1_I/cartesian_trajectory_planning-main/install/cartesian_trajectory_planning/share/cartesian_trajectory_planning/package.sh'
[0.703s] INFO:colcon.colcon_core.shell:Creating package script '/home/p/amprob_repo/Amprob_Lab1_I/cartesian_trajectory_planning-main/install/cartesian_trajectory_planning/share/cartesian_trajectory_planning/package.bash'
[0.704s] INFO:colcon.colcon_core.shell:Creating package script '/home/p/amprob_repo/Amprob_Lab1_I/cartesian_trajectory_planning-main/install/cartesian_trajectory_planning/share/cartesian_trajectory_planning/package.zsh'
[0.704s] Level 1:colcon.colcon_core.environment:create_file_with_runtime_dependencies(/home/p/amprob_repo/Amprob_Lab1_I/cartesian_trajectory_planning-main/install/cartesian_trajectory_planning/share/colcon-core/packages/cartesian_trajectory_planning)
[0.706s] Level 1:colcon.colcon_core.environment:create_environment_scripts_only(cartesian_trajectory_planning)
[0.706s] Level 1:colcon.colcon_core.environment:checking '/home/p/amprob_repo/Amprob_Lab1_I/cartesian_trajectory_planning-main/install/cartesian_trajectory_planning' for CMake module files
[0.707s] Level 1:colcon.colcon_core.environment:checking '/home/p/amprob_repo/Amprob_Lab1_I/cartesian_trajectory_planning-main/install/cartesian_trajectory_planning' for CMake config files
[0.708s] Level 1:colcon.colcon_core.shell:create_environment_hook('cartesian_trajectory_planning', 'cmake_prefix_path')
[0.708s] INFO:colcon.colcon_core.shell:Creating environment hook '/home/p/amprob_repo/Amprob_Lab1_I/cartesian_trajectory_planning-main/install/cartesian_trajectory_planning/share/cartesian_trajectory_planning/hook/cmake_prefix_path.ps1'
[0.709s] INFO:colcon.colcon_core.shell:Creating environment descriptor '/home/p/amprob_repo/Amprob_Lab1_I/cartesian_trajectory_planning-main/install/cartesian_trajectory_planning/share/cartesian_trajectory_planning/hook/cmake_prefix_path.dsv'
[0.709s] INFO:colcon.colcon_core.shell:Creating environment hook '/home/p/amprob_repo/Amprob_Lab1_I/cartesian_trajectory_planning-main/install/cartesian_trajectory_planning/share/cartesian_trajectory_planning/hook/cmake_prefix_path.sh'
[0.710s] Level 1:colcon.colcon_core.environment:checking '/home/p/amprob_repo/Amprob_Lab1_I/cartesian_trajectory_planning-main/install/cartesian_trajectory_planning/lib'
[0.710s] Level 1:colcon.colcon_core.shell:create_environment_hook('cartesian_trajectory_planning', 'ld_library_path_lib')
[0.710s] INFO:colcon.colcon_core.shell:Creating environment hook '/home/p/amprob_repo/Amprob_Lab1_I/cartesian_trajectory_planning-main/install/cartesian_trajectory_planning/share/cartesian_trajectory_planning/hook/ld_library_path_lib.ps1'
[0.711s] INFO:colcon.colcon_core.shell:Creating environment descriptor '/home/p/amprob_repo/Amprob_Lab1_I/cartesian_trajectory_planning-main/install/cartesian_trajectory_planning/share/cartesian_trajectory_planning/hook/ld_library_path_lib.dsv'
[0.711s] INFO:colcon.colcon_core.shell:Creating environment hook '/home/p/amprob_repo/Amprob_Lab1_I/cartesian_trajectory_planning-main/install/cartesian_trajectory_planning/share/cartesian_trajectory_planning/hook/ld_library_path_lib.sh'
[0.712s] Level 1:colcon.colcon_core.environment:checking '/home/p/amprob_repo/Amprob_Lab1_I/cartesian_trajectory_planning-main/install/cartesian_trajectory_planning/bin'
[0.712s] Level 1:colcon.colcon_core.environment:checking '/home/p/amprob_repo/Amprob_Lab1_I/cartesian_trajectory_planning-main/install/cartesian_trajectory_planning/lib/pkgconfig/cartesian_trajectory_planning.pc'
[0.713s] Level 1:colcon.colcon_core.environment:checking '/home/p/amprob_repo/Amprob_Lab1_I/cartesian_trajectory_planning-main/install/cartesian_trajectory_planning/lib/python3.10/site-packages'
[0.713s] Level 1:colcon.colcon_core.environment:checking '/home/p/amprob_repo/Amprob_Lab1_I/cartesian_trajectory_planning-main/install/cartesian_trajectory_planning/bin'
[0.714s] INFO:colcon.colcon_core.shell:Creating package script '/home/p/amprob_repo/Amprob_Lab1_I/cartesian_trajectory_planning-main/install/cartesian_trajectory_planning/share/cartesian_trajectory_planning/package.ps1'
[0.714s] INFO:colcon.colcon_core.shell:Creating package descriptor '/home/p/amprob_repo/Amprob_Lab1_I/cartesian_trajectory_planning-main/install/cartesian_trajectory_planning/share/cartesian_trajectory_planning/package.dsv'
[0.715s] INFO:colcon.colcon_core.shell:Creating package script '/home/p/amprob_repo/Amprob_Lab1_I/cartesian_trajectory_planning-main/install/cartesian_trajectory_planning/share/cartesian_trajectory_planning/package.sh'
[0.716s] INFO:colcon.colcon_core.shell:Creating package script '/home/p/amprob_repo/Amprob_Lab1_I/cartesian_trajectory_planning-main/install/cartesian_trajectory_planning/share/cartesian_trajectory_planning/package.bash'
[0.717s] INFO:colcon.colcon_core.shell:Creating package script '/home/p/amprob_repo/Amprob_Lab1_I/cartesian_trajectory_planning-main/install/cartesian_trajectory_planning/share/cartesian_trajectory_planning/package.zsh'
[0.718s] Level 1:colcon.colcon_core.environment:create_file_with_runtime_dependencies(/home/p/amprob_repo/Amprob_Lab1_I/cartesian_trajectory_planning-main/install/cartesian_trajectory_planning/share/colcon-core/packages/cartesian_trajectory_planning)
[0.718s] DEBUG:colcon.colcon_parallel_executor.executor.parallel:closing loop
[0.719s] DEBUG:colcon.colcon_parallel_executor.executor.parallel:loop closed
[0.719s] DEBUG:colcon.colcon_parallel_executor.executor.parallel:run_until_complete finished with '0'
[0.719s] DEBUG:colcon.colcon_core.event_reactor:joining thread
[0.726s] INFO:colcon.colcon_core.plugin_system:Skipping extension 'colcon_notification.desktop_notification.terminal_notifier': Not used on non-Darwin systems
[0.726s] INFO:colcon.colcon_core.plugin_system:Skipping extension 'colcon_notification.desktop_notification.win32': Not used on non-Windows systems
[0.726s] INFO:colcon.colcon_notification.desktop_notification:Sending desktop notification using 'notify2'
[0.741s] DEBUG:colcon.colcon_core.event_reactor:joined thread
[0.741s] INFO:colcon.colcon_core.shell:Creating prefix script '/home/p/amprob_repo/Amprob_Lab1_I/cartesian_trajectory_planning-main/install/local_setup.ps1'
[0.743s] INFO:colcon.colcon_core.shell:Creating prefix util module '/home/p/amprob_repo/Amprob_Lab1_I/cartesian_trajectory_planning-main/install/_local_setup_util_ps1.py'
[0.745s] INFO:colcon.colcon_core.shell:Creating prefix chain script '/home/p/amprob_repo/Amprob_Lab1_I/cartesian_trajectory_planning-main/install/setup.ps1'
[0.747s] INFO:colcon.colcon_core.shell:Creating prefix script '/home/p/amprob_repo/Amprob_Lab1_I/cartesian_trajectory_planning-main/install/local_setup.sh'
[0.748s] INFO:colcon.colcon_core.shell:Creating prefix util module '/home/p/amprob_repo/Amprob_Lab1_I/cartesian_trajectory_planning-main/install/_local_setup_util_sh.py'
[0.748s] INFO:colcon.colcon_core.shell:Creating prefix chain script '/home/p/amprob_repo/Amprob_Lab1_I/cartesian_trajectory_planning-main/install/setup.sh'
[0.752s] INFO:colcon.colcon_core.shell:Creating prefix script '/home/p/amprob_repo/Amprob_Lab1_I/cartesian_trajectory_planning-main/install/local_setup.bash'
[0.753s] INFO:colcon.colcon_core.shell:Creating prefix chain script '/home/p/amprob_repo/Amprob_Lab1_I/cartesian_trajectory_planning-main/install/setup.bash'
[0.755s] INFO:colcon.colcon_core.shell:Creating prefix script '/home/p/amprob_repo/Amprob_Lab1_I/cartesian_trajectory_planning-main/install/local_setup.zsh'
[0.755s] INFO:colcon.colcon_core.shell:Creating prefix chain script '/home/p/amprob_repo/Amprob_Lab1_I/cartesian_trajectory_planning-main/install/setup.zsh'
