[35m[1mConsolidate compiler generated dependencies of target send_trajectory[0m
[ 22%] Built target send_linear_trajectory
[ 44%] Built target send_circular_trajectory
[ 77%] Built target cartesian_trajectory_planning
[100%] Built target send_trajectory
-- Install configuration: ""
-- Execute custom install script
-- Up-to-date symlink: /home/p/amprob_repo/Amprob_Lab1_I/cartesian_trajectory_planning-main/install/cartesian_trajectory_planning/share/cartesian_trajectory_planning//cartesian_trajectory_planning.xml
-- Up-to-date symlink: /home/p/amprob_repo/Amprob_Lab1_I/cartesian_trajectory_planning-main/install/cartesian_trajectory_planning/share/cartesian_trajectory_planning//cartesian_trajectory_planning.xml
-- Up-to-date symlink: /home/p/amprob_repo/Amprob_Lab1_I/cartesian_trajectory_planning-main/install/cartesian_trajectory_planning/include/cartesian_trajectory_planning/cartesian_trajectory_planning/r6bot_hardware.hpp
[33mCMake Warning (dev) at ament_cmake_symlink_install/ament_cmake_symlink_install.cmake:67 (file):
  Policy CMP0009 is not set: FILE GLOB_RECURSE calls should not follow
  symlinks by default.  Run "cmake --help-policy CMP0009" for policy details.
  Use the cmake_policy command to set the policy and suppress this warning.
Call Stack (most recent call first):
  ament_cmake_symlink_install/ament_cmake_symlink_install.cmake:328 (ament_cmake_symlink_install_directory)
  cmake_install.cmake:46 (include)
This warning is for project developers.  Use -Wno-dev to suppress it.
[0m
-- Up-to-date symlink: /home/p/amprob_repo/Amprob_Lab1_I/cartesian_trajectory_planning-main/install/cartesian_trajectory_planning/share/cartesian_trajectory_planning/build/.built_by
-- Up-to-date symlink: /home/p/amprob_repo/Amprob_Lab1_I/cartesian_trajectory_planning-main/install/cartesian_trajectory_planning/share/cartesian_trajectory_planning/build/COLCON_IGNORE
-- Up-to-date symlink: /home/p/amprob_repo/Amprob_Lab1_I/cartesian_trajectory_planning-main/install/cartesian_trajectory_planning/share/cartesian_trajectory_planning/install/.colcon_install_layout
-- Up-to-date symlink: /home/p/amprob_repo/Amprob_Lab1_I/cartesian_trajectory_planning-main/install/cartesian_trajectory_planning/share/cartesian_trajectory_planning/install/COLCON_IGNORE
-- Up-to-date symlink: /home/p/amprob_repo/Amprob_Lab1_I/cartesian_trajectory_planning-main/install/cartesian_trajectory_planning/share/cartesian_trajectory_planning/install/_local_setup_util_ps1.py
-- Up-to-date symlink: /home/p/amprob_repo/Amprob_Lab1_I/cartesian_trajectory_planning-main/install/cartesian_trajectory_planning/share/cartesian_trajectory_planning/install/_local_setup_util_sh.py
-- Up-to-date symlink: /home/p/amprob_repo/Amprob_Lab1_I/cartesian_trajectory_planning-main/install/cartesian_trajectory_planning/share/cartesian_trajectory_planning/install/local_setup.bash
-- Up-to-date symlink: /home/p/amprob_repo/Amprob_Lab1_I/cartesian_trajectory_planning-main/install/cartesian_trajectory_planning/share/cartesian_trajectory_planning/install/local_setup.ps1
-- Up-to-date symlink: /home/p/amprob_repo/Amprob_Lab1_I/cartesian_trajectory_planning-main/install/cartesian_trajectory_planning/share/cartesian_trajectory_planning/install/local_setup.sh
-- Up-to-date symlink: /home/p/amprob_repo/Amprob_Lab1_I/cartesian_trajectory_planning-main/install/cartesian_trajectory_planning/share/cartesian_trajectory_planning/install/local_setup.zsh
-- Up-to-date symlink: /home/p/amprob_repo/Amprob_Lab1_I/cartesian_trajectory_planning-main/install/cartesian_trajectory_planning/share/cartesian_trajectory_planning/install/setup.bash
-- Up-to-date symlink: /home/p/amprob_repo/Amprob_Lab1_I/cartesian_trajectory_planning-main/install/cartesian_trajectory_planning/share/cartesian_trajectory_planning/install/setup.ps1
-- Up-to-date symlink: /home/p/amprob_repo/Amprob_Lab1_I/cartesian_trajectory_planning-main/install/cartesian_trajectory_planning/share/cartesian_trajectory_planning/install/setup.sh
-- Up-to-date symlink: /home/p/amprob_repo/Amprob_Lab1_I/cartesian_trajectory_planning-main/install/cartesian_trajectory_planning/share/cartesian_trajectory_planning/install/setup.zsh
-- Up-to-date symlink: /home/p/amprob_repo/Amprob_Lab1_I/cartesian_trajectory_planning-main/install/cartesian_trajectory_planning/share/cartesian_trajectory_planning/launch/view_r6bot.launch.py
-- Up-to-date symlink: /home/p/amprob_repo/Amprob_Lab1_I/cartesian_trajectory_planning-main/install/cartesian_trajectory_planning/share/cartesian_trajectory_planning/log/COLCON_IGNORE
-- Up-to-date symlink: /home/p/amprob_repo/Amprob_Lab1_I/cartesian_trajectory_planning-main/install/cartesian_trajectory_planning/share/cartesian_trajectory_planning/log/build_2026-04-29_19-21-36/events.log
-- Up-to-date symlink: /home/p/amprob_repo/Amprob_Lab1_I/cartesian_trajectory_planning-main/install/cartesian_trajectory_planning/share/cartesian_trajectory_planning/log/build_2026-04-29_19-21-36/logger_all.log
-- Up-to-date symlink: /home/p/amprob_repo/Amprob_Lab1_I/cartesian_trajectory_planning-main/install/cartesian_trajectory_planning/share/cartesian_trajectory_planning/log/build_2026-04-29_19-22-20/events.log
-- Up-to-date symlink: /home/p/amprob_repo/Amprob_Lab1_I/cartesian_trajectory_planning-main/install/cartesian_trajectory_planning/share/cartesian_trajectory_planning/log/build_2026-04-29_19-22-20/logger_all.log
-- Up-to-date symlink: /home/p/amprob_repo/Amprob_Lab1_I/cartesian_trajectory_planning-main/install/cartesian_trajectory_planning/share/cartesian_trajectory_planning/log/build_2026-04-29_19-22-40/events.log
-- Up-to-date symlink: /home/p/amprob_repo/Amprob_Lab1_I/cartesian_trajectory_planning-main/install/cartesian_trajectory_planning/share/cartesian_trajectory_planning/log/build_2026-04-29_19-22-40/logger_all.log
-- Up-to-date symlink: /home/p/amprob_repo/Amprob_Lab1_I/cartesian_trajectory_planning-main/install/cartesian_trajectory_planning/share/cartesian_trajectory_planning/log/latest/events.log
-- Up-to-date symlink: /home/p/amprob_repo/Amprob_Lab1_I/cartesian_trajectory_planning-main/install/cartesian_trajectory_planning/share/cartesian_trajectory_planning/log/latest/logger_all.log
-- Up-to-date symlink: /home/p/amprob_repo/Amprob_Lab1_I/cartesian_trajectory_planning-main/install/cartesian_trajectory_planning/share/cartesian_trajectory_planning/log/latest_build/events.log
-- Up-to-date symlink: /home/p/amprob_repo/Amprob_Lab1_I/cartesian_trajectory_planning-main/install/cartesian_trajectory_planning/share/cartesian_trajectory_planning/log/latest_build/logger_all.log
-- Up-to-date symlink: /home/p/amprob_repo/Amprob_Lab1_I/cartesian_trajectory_planning-main/install/cartesian_trajectory_planning/share/cartesian_trajectory_planning/ros2_control/r6bot.ros2_control.xacro
-- Up-to-date symlink: /home/p/amprob_repo/Amprob_Lab1_I/cartesian_trajectory_planning-main/install/cartesian_trajectory_planning/share/cartesian_trajectory_planning/urdf/r6bot.urdf.xacro
-- Up-to-date symlink: /home/p/amprob_repo/Amprob_Lab1_I/cartesian_trajectory_planning-main/install/cartesian_trajectory_planning/share/cartesian_trajectory_planning/r6bot/meshes/collision/link_0.stl
-- Up-to-date symlink: /home/p/amprob_repo/Amprob_Lab1_I/cartesian_trajectory_planning-main/install/cartesian_trajectory_planning/share/cartesian_trajectory_planning/r6bot/meshes/collision/link_1.stl
-- Up-to-date symlink: /home/p/amprob_repo/Amprob_Lab1_I/cartesian_trajectory_planning-main/install/cartesian_trajectory_planning/share/cartesian_trajectory_planning/r6bot/meshes/collision/link_2.stl
-- Up-to-date symlink: /home/p/amprob_repo/Amprob_Lab1_I/cartesian_trajectory_planning-main/install/cartesian_trajectory_planning/share/cartesian_trajectory_planning/r6bot/meshes/collision/link_3.stl
-- Up-to-date symlink: /home/p/amprob_repo/Amprob_Lab1_I/cartesian_trajectory_planning-main/install/cartesian_trajectory_planning/share/cartesian_trajectory_planning/r6bot/meshes/collision/link_4.stl
-- Up-to-date symlink: /home/p/amprob_repo/Amprob_Lab1_I/cartesian_trajectory_planning-main/install/cartesian_trajectory_planning/share/cartesian_trajectory_planning/r6bot/meshes/collision/link_5.stl
-- Up-to-date symlink: /home/p/amprob_repo/Amprob_Lab1_I/cartesian_trajectory_planning-main/install/cartesian_trajectory_planning/share/cartesian_trajectory_planning/r6bot/meshes/collision/link_6.stl
-- Up-to-date symlink: /home/p/amprob_repo/Amprob_Lab1_I/cartesian_trajectory_planning-main/install/cartesian_trajectory_planning/share/cartesian_trajectory_planning/r6bot/meshes/visual/link_0.dae
-- Up-to-date symlink: /home/p/amprob_repo/Amprob_Lab1_I/cartesian_trajectory_planning-main/install/cartesian_trajectory_planning/share/cartesian_trajectory_planning/r6bot/meshes/visual/link_1.dae
-- Up-to-date symlink: /home/p/amprob_repo/Amprob_Lab1_I/cartesian_trajectory_planning-main/install/cartesian_trajectory_planning/share/cartesian_trajectory_planning/r6bot/meshes/visual/link_2.dae
-- Up-to-date symlink: /home/p/amprob_repo/Amprob_Lab1_I/cartesian_trajectory_planning-main/install/cartesian_trajectory_planning/share/cartesian_trajectory_planning/r6bot/meshes/visual/link_3.dae
-- Up-to-date symlink: /home/p/amprob_repo/Amprob_Lab1_I/cartesian_trajectory_planning-main/install/cartesian_trajectory_planning/share/cartesian_trajectory_planning/r6bot/meshes/visual/link_4.dae
-- Up-to-date symlink: /home/p/amprob_repo/Amprob_Lab1_I/cartesian_trajectory_planning-main/install/cartesian_trajectory_planning/share/cartesian_trajectory_planning/r6bot/meshes/visual/link_5.dae
-- Up-to-date symlink: /home/p/amprob_repo/Amprob_Lab1_I/cartesian_trajectory_planning-main/install/cartesian_trajectory_planning/share/cartesian_trajectory_planning/r6bot/meshes/visual/link_6.dae
-- Up-to-date symlink: /home/p/amprob_repo/Amprob_Lab1_I/cartesian_trajectory_planning-main/install/cartesian_trajectory_planning/share/cartesian_trajectory_planning/r6bot/rviz/view_robot.rviz
-- Up-to-date symlink: /home/p/amprob_repo/Amprob_Lab1_I/cartesian_trajectory_planning-main/install/cartesian_trajectory_planning/share/cartesian_trajectory_planning/r6bot/srdf/r6bot.srdf
-- Up-to-date symlink: /home/p/amprob_repo/Amprob_Lab1_I/cartesian_trajectory_planning-main/install/cartesian_trajectory_planning/share/cartesian_trajectory_planning/r6bot/urdf/inc/create_link.xacro
-- Up-to-date symlink: /home/p/amprob_repo/Amprob_Lab1_I/cartesian_trajectory_planning-main/install/cartesian_trajectory_planning/share/cartesian_trajectory_planning/r6bot/urdf/r6bot_description.urdf.xacro
-- Up-to-date symlink: /home/p/amprob_repo/Amprob_Lab1_I/cartesian_trajectory_planning-main/install/cartesian_trajectory_planning/share/cartesian_trajectory_planning/launch/r6bot_controller.launch.py
-- Up-to-date symlink: /home/p/amprob_repo/Amprob_Lab1_I/cartesian_trajectory_planning-main/install/cartesian_trajectory_planning/share/cartesian_trajectory_planning/launch/send_circular_trajectory.launch.py
-- Up-to-date symlink: /home/p/amprob_repo/Amprob_Lab1_I/cartesian_trajectory_planning-main/install/cartesian_trajectory_planning/share/cartesian_trajectory_planning/launch/send_linear_trajectory.launch.py
-- Up-to-date symlink: /home/p/amprob_repo/Amprob_Lab1_I/cartesian_trajectory_planning-main/install/cartesian_trajectory_planning/share/cartesian_trajectory_planning/launch/send_trajectory.launch.py
-- Up-to-date symlink: /home/p/amprob_repo/Amprob_Lab1_I/cartesian_trajectory_planning-main/install/cartesian_trajectory_planning/share/cartesian_trajectory_planning/config/r6bot_controller.yaml
-- Up-to-date symlink: /home/p/amprob_repo/Amprob_Lab1_I/cartesian_trajectory_planning-main/install/cartesian_trajectory_planning/share/cartesian_trajectory_planning/config/poses.yaml
-- Up-to-date symlink: /home/p/amprob_repo/Amprob_Lab1_I/cartesian_trajectory_planning-main/install/cartesian_trajectory_planning/lib/cartesian_trajectory_planning/send_trajectory
-- Up-to-date symlink: /home/p/amprob_repo/Amprob_Lab1_I/cartesian_trajectory_planning-main/install/cartesian_trajectory_planning/lib/cartesian_trajectory_planning/send_linear_trajectory
-- Up-to-date symlink: /home/p/amprob_repo/Amprob_Lab1_I/cartesian_trajectory_planning-main/install/cartesian_trajectory_planning/lib/cartesian_trajectory_planning/send_circular_trajectory
-- Up-to-date symlink: /home/p/amprob_repo/Amprob_Lab1_I/cartesian_trajectory_planning-main/install/cartesian_trajectory_planning/share/cartesian_trajectory_planning/environment/library_path.sh
-- Up-to-date symlink: /home/p/amprob_repo/Amprob_Lab1_I/cartesian_trajectory_planning-main/install/cartesian_trajectory_planning/share/cartesian_trajectory_planning/environment/library_path.dsv
-- Up-to-date symlink: /home/p/amprob_repo/Amprob_Lab1_I/cartesian_trajectory_planning-main/install/cartesian_trajectory_planning/share/ament_index/resource_index/package_run_dependencies/cartesian_trajectory_planning
-- Up-to-date symlink: /home/p/amprob_repo/Amprob_Lab1_I/cartesian_trajectory_planning-main/install/cartesian_trajectory_planning/share/ament_index/resource_index/parent_prefix_path/cartesian_trajectory_planning
-- Up-to-date symlink: /home/p/amprob_repo/Amprob_Lab1_I/cartesian_trajectory_planning-main/install/cartesian_trajectory_planning/share/cartesian_trajectory_planning/environment/ament_prefix_path.sh
-- Up-to-date symlink: /home/p/amprob_repo/Amprob_Lab1_I/cartesian_trajectory_planning-main/install/cartesian_trajectory_planning/share/cartesian_trajectory_planning/environment/ament_prefix_path.dsv
-- Up-to-date symlink: /home/p/amprob_repo/Amprob_Lab1_I/cartesian_trajectory_planning-main/install/cartesian_trajectory_planning/share/cartesian_trajectory_planning/environment/path.sh
-- Up-to-date symlink: /home/p/amprob_repo/Amprob_Lab1_I/cartesian_trajectory_planning-main/install/cartesian_trajectory_planning/share/cartesian_trajectory_planning/environment/path.dsv
-- Up-to-date symlink: /home/p/amprob_repo/Amprob_Lab1_I/cartesian_trajectory_planning-main/install/cartesian_trajectory_planning/share/cartesian_trajectory_planning/local_setup.bash
-- Up-to-date symlink: /home/p/amprob_repo/Amprob_Lab1_I/cartesian_trajectory_planning-main/install/cartesian_trajectory_planning/share/cartesian_trajectory_planning/local_setup.sh
-- Up-to-date symlink: /home/p/amprob_repo/Amprob_Lab1_I/cartesian_trajectory_planning-main/install/cartesian_trajectory_planning/share/cartesian_trajectory_planning/local_setup.zsh
-- Up-to-date symlink: /home/p/amprob_repo/Amprob_Lab1_I/cartesian_trajectory_planning-main/install/cartesian_trajectory_planning/share/cartesian_trajectory_planning/local_setup.dsv
-- Symlinking: /home/p/amprob_repo/Amprob_Lab1_I/cartesian_trajectory_planning-main/install/cartesian_trajectory_planning/share/cartesian_trajectory_planning/package.dsv
-- Up-to-date symlink: /home/p/amprob_repo/Amprob_Lab1_I/cartesian_trajectory_planning-main/install/cartesian_trajectory_planning/share/ament_index/resource_index/packages/cartesian_trajectory_planning
-- Up-to-date symlink: /home/p/amprob_repo/Amprob_Lab1_I/cartesian_trajectory_planning-main/install/cartesian_trajectory_planning/share/ament_index/resource_index/hardware_interface__pluginlib__plugin/cartesian_trajectory_planning
-- Up-to-date symlink: /home/p/amprob_repo/Amprob_Lab1_I/cartesian_trajectory_planning-main/install/cartesian_trajectory_planning/share/ament_index/resource_index/controller_interface__pluginlib__plugin/cartesian_trajectory_planning
-- Up-to-date symlink: /home/p/amprob_repo/Amprob_Lab1_I/cartesian_trajectory_planning-main/install/cartesian_trajectory_planning/share/cartesian_trajectory_planning/cmake/ament_cmake_export_targets-extras.cmake
-- Up-to-date symlink: /home/p/amprob_repo/Amprob_Lab1_I/cartesian_trajectory_planning-main/install/cartesian_trajectory_planning/share/cartesian_trajectory_planning/cmake/ament_cmake_export_dependencies-extras.cmake
-- Up-to-date symlink: /home/p/amprob_repo/Amprob_Lab1_I/cartesian_trajectory_planning-main/install/cartesian_trajectory_planning/share/cartesian_trajectory_planning/cmake/cartesian_trajectory_planningConfig.cmake
-- Up-to-date symlink: /home/p/amprob_repo/Amprob_Lab1_I/cartesian_trajectory_planning-main/install/cartesian_trajectory_planning/share/cartesian_trajectory_planning/cmake/cartesian_trajectory_planningConfig-version.cmake
-- Up-to-date symlink: /home/p/amprob_repo/Amprob_Lab1_I/cartesian_trajectory_planning-main/install/cartesian_trajectory_planning/share/cartesian_trajectory_planning/package.xml
-- Up-to-date: /home/p/amprob_repo/Amprob_Lab1_I/cartesian_trajectory_planning-main/install/cartesian_trajectory_planning/lib/libcartesian_trajectory_planning.so
-- Up-to-date: /home/p/amprob_repo/Amprob_Lab1_I/cartesian_trajectory_planning-main/install/cartesian_trajectory_planning/share/cartesian_trajectory_planning/cmake/export_cartesian_trajectory_planningExport.cmake
-- Up-to-date: /home/p/amprob_repo/Amprob_Lab1_I/cartesian_trajectory_planning-main/install/cartesian_trajectory_planning/share/cartesian_trajectory_planning/cmake/export_cartesian_trajectory_planningExport-noconfig.cmake
