[0.129s] DEBUG:colcon:Command line arguments: ['/usr/bin/colcon', 'build', '--symlink-install']
[0.130s] DEBUG:colcon:Parsed command line arguments: Namespace(log_base=None, log_level=None, verb_name='build', build_base='build', install_base='install', merge_install=False, symlink_install=True, test_result_base=None, continue_on_error=False, executor='parallel', parallel_workers=8, event_handlers=None, ignore_user_meta=False, metas=['./colcon.meta'], base_paths=['.'], packages_ignore=None, packages_ignore_regex=None, paths=None, packages_up_to=None, packages_up_to_regex=None, packages_above=None, packages_above_and_dependencies=None, packages_above_depth=None, packages_select_by_dep=None, packages_skip_by_dep=None, packages_skip_up_to=None, packages_select_build_failed=False, packages_skip_build_finished=False, packages_select_test_failures=False, packages_skip_test_passed=False, packages_select=None, packages_skip=None, packages_select_regex=None, packages_skip_regex=None, packages_start=None, packages_end=None, allow_overriding=[], cmake_args=None, cmake_target=None, cmake_target_skip_unavailable=False, cmake_clean_cache=False, cmake_clean_first=False, cmake_force_configure=False, ament_cmake_args=None, catkin_cmake_args=None, catkin_skip_building_tests=False, verb_parser=<colcon_defaults.argument_parser.defaults.DefaultArgumentsDecorator object at 0x7b4c6e94da20>, verb_extension=<colcon_core.verb.build.BuildVerb object at 0x7b4c6e94d4e0>, main=<bound method BuildVerb.main of <colcon_core.verb.build.BuildVerb object at 0x7b4c6e94d4e0>>)
[0.345s] Level 1:colcon.colcon_core.package_discovery:discover_packages(colcon_meta) check parameters
[0.345s] Level 1:colcon.colcon_core.package_discovery:discover_packages(recursive) check parameters
[0.345s] Level 1:colcon.colcon_core.package_discovery:discover_packages(ignore) check parameters
[0.345s] Level 1:colcon.colcon_core.package_discovery:discover_packages(path) check parameters
[0.345s] Level 1:colcon.colcon_core.package_discovery:discover_packages(colcon_meta) discover
[0.345s] Level 1:colcon.colcon_core.package_discovery:discover_packages(recursive) discover
[0.345s] INFO:colcon.colcon_core.package_discovery:Crawling recursively for packages in '/home/p/amprob_repo/Amprob_Lab1_I/cartesian_trajectory_planning-main'
[0.345s] Level 1:colcon.colcon_core.package_identification:_identify(.) by extensions ['ignore', 'ignore_ament_install']
[0.346s] Level 1:colcon.colcon_core.package_identification:_identify(.) by extension 'ignore'
[0.346s] Level 1:colcon.colcon_core.package_identification:_identify(.) by extension 'ignore_ament_install'
[0.346s] Level 1:colcon.colcon_core.package_identification:_identify(.) by extensions ['colcon_pkg']
[0.346s] Level 1:colcon.colcon_core.package_identification:_identify(.) by extension 'colcon_pkg'
[0.346s] Level 1:colcon.colcon_core.package_identification:_identify(.) by extensions ['colcon_meta']
[0.346s] Level 1:colcon.colcon_core.package_identification:_identify(.) by extension 'colcon_meta'
[0.346s] Level 1:colcon.colcon_core.package_identification:_identify(.) by extensions ['ros']
[0.346s] Level 1:colcon.colcon_core.package_identification:_identify(.) by extension 'ros'
[0.366s] DEBUG:colcon.colcon_core.package_identification:Package '.' with type 'ros.ament_cmake' and name 'cartesian_trajectory_planning'
[0.366s] Level 1:colcon.colcon_core.package_discovery:discover_packages(recursive) using defaults
[0.366s] Level 1:colcon.colcon_core.package_discovery:discover_packages(ignore) discover
[0.366s] Level 1:colcon.colcon_core.package_discovery:discover_packages(ignore) using defaults
[0.366s] Level 1:colcon.colcon_core.package_discovery:discover_packages(path) discover
[0.366s] Level 1:colcon.colcon_core.package_discovery:discover_packages(path) using defaults
[0.401s] Level 1:colcon.colcon_core.package_discovery:discover_packages(prefix_path) check parameters
[0.401s] Level 1:colcon.colcon_core.package_discovery:discover_packages(prefix_path) discover
[0.403s] DEBUG:colcon.colcon_installed_package_information.package_discovery:Found 2 installed packages in /home/p/install
[0.403s] DEBUG:colcon.colcon_installed_package_information.package_discovery:Found 0 installed packages in /home/p/ros/catkin_ws/install
[0.404s] DEBUG:colcon.colcon_installed_package_information.package_discovery:Found 2 installed packages in /home/p/ros2_ws/install
[0.404s] DEBUG:colcon.colcon_installed_package_information.package_discovery:Found 2 installed packages in /home/p/Desktop/cypr/cypr2_ws/install
[0.405s] DEBUG:colcon.colcon_installed_package_information.package_discovery:Found 2 installed packages in /home/p/cypr_ws/install
[0.406s] DEBUG:colcon.colcon_installed_package_information.package_discovery:Found 3 installed packages in /home/p/rosgame_ws/install
[0.407s] DEBUG:colcon.colcon_installed_package_information.package_discovery:Found 2 installed packages in /home/p/labrob_ws/install
[0.409s] DEBUG:colcon.colcon_installed_package_information.package_discovery:Found 326 installed packages in /opt/ros/humble
[0.411s] Level 1:colcon.colcon_core.package_discovery:discover_packages(prefix_path) using defaults
[0.463s] Level 5:colcon.colcon_core.verb:set package 'cartesian_trajectory_planning' build argument 'cmake_args' from command line to 'None'
[0.463s] Level 5:colcon.colcon_core.verb:set package 'cartesian_trajectory_planning' build argument 'cmake_target' from command line to 'None'
[0.463s] Level 5:colcon.colcon_core.verb:set package 'cartesian_trajectory_planning' build argument 'cmake_target_skip_unavailable' from command line to 'False'
[0.463s] Level 5:colcon.colcon_core.verb:set package 'cartesian_trajectory_planning' build argument 'cmake_clean_cache' from command line to 'False'
[0.463s] Level 5:colcon.colcon_core.verb:set package 'cartesian_trajectory_planning' build argument 'cmake_clean_first' from command line to 'False'
[0.463s] Level 5:colcon.colcon_core.verb:set package 'cartesian_trajectory_planning' build argument 'cmake_force_configure' from command line to 'False'
[0.463s] Level 5:colcon.colcon_core.verb:set package 'cartesian_trajectory_planning' build argument 'ament_cmake_args' from command line to 'None'
[0.463s] Level 5:colcon.colcon_core.verb:set package 'cartesian_trajectory_planning' build argument 'catkin_cmake_args' from command line to 'None'
[0.463s] Level 5:colcon.colcon_core.verb:set package 'cartesian_trajectory_planning' build argument 'catkin_skip_building_tests' from command line to 'False'
[0.463s] DEBUG:colcon.colcon_core.verb:Building package 'cartesian_trajectory_planning' with the following arguments: {'ament_cmake_args': None, 'build_base': '/home/p/amprob_repo/Amprob_Lab1_I/cartesian_trajectory_planning-main/build/cartesian_trajectory_planning', 'catkin_cmake_args': None, 'catkin_skip_building_tests': False, 'cmake_args': None, 'cmake_clean_cache': False, 'cmake_clean_first': False, 'cmake_force_configure': False, 'cmake_target': None, 'cmake_target_skip_unavailable': False, 'install_base': '/home/p/amprob_repo/Amprob_Lab1_I/cartesian_trajectory_planning-main/install/cartesian_trajectory_planning', 'merge_install': False, 'path': '/home/p/amprob_repo/Amprob_Lab1_I/cartesian_trajectory_planning-main', 'symlink_install': True, 'test_result_base': None}
[0.463s] INFO:colcon.colcon_core.executor:Executing jobs using 'parallel' executor
[0.464s] DEBUG:colcon.colcon_parallel_executor.executor.parallel:run_until_complete
[0.464s] INFO:colcon.colcon_ros.task.ament_cmake.build:Building ROS package in '/home/p/amprob_repo/Amprob_Lab1_I/cartesian_trajectory_planning-main' with build type 'ament_cmake'
[0.464s] INFO:colcon.colcon_cmake.task.cmake.build:Building CMake package in '/home/p/amprob_repo/Amprob_Lab1_I/cartesian_trajectory_planning-main'
[0.467s] INFO:colcon.colcon_core.plugin_system:Skipping extension 'colcon_core.shell.bat': Not used on non-Windows systems
[0.467s] INFO:colcon.colcon_core.shell:Skip shell extension 'powershell' for command environment: Not usable outside of PowerShell
[0.467s] DEBUG:colcon.colcon_core.shell:Skip shell extension 'dsv' for command environment
[0.482s] DEBUG:colcon.colcon_core.event_handler.log_command:Invoking command in '/home/p/amprob_repo/Amprob_Lab1_I/cartesian_trajectory_planning-main/build/cartesian_trajectory_planning': CMAKE_PREFIX_PATH=${CMAKE_PREFIX_PATH}:/opt/ros/humble /usr/bin/cmake /home/p/amprob_repo/Amprob_Lab1_I/cartesian_trajectory_planning-main -DAMENT_CMAKE_SYMLINK_INSTALL=1 -DCMAKE_INSTALL_PREFIX=/home/p/amprob_repo/Amprob_Lab1_I/cartesian_trajectory_planning-main/install/cartesian_trajectory_planning
[4.115s] DEBUG:colcon.colcon_core.event_handler.log_command:Invoked command in '/home/p/amprob_repo/Amprob_Lab1_I/cartesian_trajectory_planning-main/build/cartesian_trajectory_planning' returned '0': CMAKE_PREFIX_PATH=${CMAKE_PREFIX_PATH}:/opt/ros/humble /usr/bin/cmake /home/p/amprob_repo/Amprob_Lab1_I/cartesian_trajectory_planning-main -DAMENT_CMAKE_SYMLINK_INSTALL=1 -DCMAKE_INSTALL_PREFIX=/home/p/amprob_repo/Amprob_Lab1_I/cartesian_trajectory_planning-main/install/cartesian_trajectory_planning
[4.116s] DEBUG:colcon.colcon_core.event_handler.log_command:Invoking command in '/home/p/amprob_repo/Amprob_Lab1_I/cartesian_trajectory_planning-main/build/cartesian_trajectory_planning': CMAKE_PREFIX_PATH=${CMAKE_PREFIX_PATH}:/opt/ros/humble /usr/bin/cmake --build /home/p/amprob_repo/Amprob_Lab1_I/cartesian_trajectory_planning-main/build/cartesian_trajectory_planning -- -j8 -l8
[16.265s] DEBUG:colcon.colcon_core.event_handler.log_command:Invoked command in '/home/p/amprob_repo/Amprob_Lab1_I/cartesian_trajectory_planning-main/build/cartesian_trajectory_planning' returned '0': CMAKE_PREFIX_PATH=${CMAKE_PREFIX_PATH}:/opt/ros/humble /usr/bin/cmake --build /home/p/amprob_repo/Amprob_Lab1_I/cartesian_trajectory_planning-main/build/cartesian_trajectory_planning -- -j8 -l8
[16.278s] DEBUG:colcon.colcon_core.event_handler.log_command:Invoking command in '/home/p/amprob_repo/Amprob_Lab1_I/cartesian_trajectory_planning-main/build/cartesian_trajectory_planning': CMAKE_PREFIX_PATH=${CMAKE_PREFIX_PATH}:/opt/ros/humble /usr/bin/cmake --install /home/p/amprob_repo/Amprob_Lab1_I/cartesian_trajectory_planning-main/build/cartesian_trajectory_planning
[17.172s] Level 1:colcon.colcon_core.environment:create_environment_scripts_only(cartesian_trajectory_planning)
[17.173s] DEBUG:colcon.colcon_core.event_handler.log_command:Invoked command in '/home/p/amprob_repo/Amprob_Lab1_I/cartesian_trajectory_planning-main/build/cartesian_trajectory_planning' returned '0': CMAKE_PREFIX_PATH=${CMAKE_PREFIX_PATH}:/opt/ros/humble /usr/bin/cmake --install /home/p/amprob_repo/Amprob_Lab1_I/cartesian_trajectory_planning-main/build/cartesian_trajectory_planning
[17.182s] Level 1:colcon.colcon_core.environment:checking '/home/p/amprob_repo/Amprob_Lab1_I/cartesian_trajectory_planning-main/install/cartesian_trajectory_planning' for CMake module files
[17.182s] Level 1:colcon.colcon_core.environment:checking '/home/p/amprob_repo/Amprob_Lab1_I/cartesian_trajectory_planning-main/install/cartesian_trajectory_planning' for CMake config files
[17.183s] Level 1:colcon.colcon_core.shell:create_environment_hook('cartesian_trajectory_planning', 'cmake_prefix_path')
[17.184s] INFO:colcon.colcon_core.shell:Creating environment hook '/home/p/amprob_repo/Amprob_Lab1_I/cartesian_trajectory_planning-main/install/cartesian_trajectory_planning/share/cartesian_trajectory_planning/hook/cmake_prefix_path.ps1'
[17.185s] INFO:colcon.colcon_core.shell:Creating environment descriptor '/home/p/amprob_repo/Amprob_Lab1_I/cartesian_trajectory_planning-main/install/cartesian_trajectory_planning/share/cartesian_trajectory_planning/hook/cmake_prefix_path.dsv'
[17.186s] INFO:colcon.colcon_core.shell:Creating environment hook '/home/p/amprob_repo/Amprob_Lab1_I/cartesian_trajectory_planning-main/install/cartesian_trajectory_planning/share/cartesian_trajectory_planning/hook/cmake_prefix_path.sh'
[17.187s] Level 1:colcon.colcon_core.environment:checking '/home/p/amprob_repo/Amprob_Lab1_I/cartesian_trajectory_planning-main/install/cartesian_trajectory_planning/lib'
[17.188s] Level 1:colcon.colcon_core.shell:create_environment_hook('cartesian_trajectory_planning', 'ld_library_path_lib')
[17.188s] INFO:colcon.colcon_core.shell:Creating environment hook '/home/p/amprob_repo/Amprob_Lab1_I/cartesian_trajectory_planning-main/install/cartesian_trajectory_planning/share/cartesian_trajectory_planning/hook/ld_library_path_lib.ps1'
[17.188s] INFO:colcon.colcon_core.shell:Creating environment descriptor '/home/p/amprob_repo/Amprob_Lab1_I/cartesian_trajectory_planning-main/install/cartesian_trajectory_planning/share/cartesian_trajectory_planning/hook/ld_library_path_lib.dsv'
[17.189s] INFO:colcon.colcon_core.shell:Creating environment hook '/home/p/amprob_repo/Amprob_Lab1_I/cartesian_trajectory_planning-main/install/cartesian_trajectory_planning/share/cartesian_trajectory_planning/hook/ld_library_path_lib.sh'
[17.189s] Level 1:colcon.colcon_core.environment:checking '/home/p/amprob_repo/Amprob_Lab1_I/cartesian_trajectory_planning-main/install/cartesian_trajectory_planning/bin'
[17.189s] Level 1:colcon.colcon_core.environment:checking '/home/p/amprob_repo/Amprob_Lab1_I/cartesian_trajectory_planning-main/install/cartesian_trajectory_planning/lib/pkgconfig/cartesian_trajectory_planning.pc'
[17.190s] Level 1:colcon.colcon_core.environment:checking '/home/p/amprob_repo/Amprob_Lab1_I/cartesian_trajectory_planning-main/install/cartesian_trajectory_planning/lib/python3.10/site-packages'
[17.190s] Level 1:colcon.colcon_core.environment:checking '/home/p/amprob_repo/Amprob_Lab1_I/cartesian_trajectory_planning-main/install/cartesian_trajectory_planning/bin'
[17.191s] INFO:colcon.colcon_core.shell:Creating package script '/home/p/amprob_repo/Amprob_Lab1_I/cartesian_trajectory_planning-main/install/cartesian_trajectory_planning/share/cartesian_trajectory_planning/package.ps1'
[17.193s] INFO:colcon.colcon_core.shell:Creating package descriptor '/home/p/amprob_repo/Amprob_Lab1_I/cartesian_trajectory_planning-main/install/cartesian_trajectory_planning/share/cartesian_trajectory_planning/package.dsv'
[17.194s] INFO:colcon.colcon_core.shell:Creating package script '/home/p/amprob_repo/Amprob_Lab1_I/cartesian_trajectory_planning-main/install/cartesian_trajectory_planning/share/cartesian_trajectory_planning/package.sh'
[17.195s] INFO:colcon.colcon_core.shell:Creating package script '/home/p/amprob_repo/Amprob_Lab1_I/cartesian_trajectory_planning-main/install/cartesian_trajectory_planning/share/cartesian_trajectory_planning/package.bash'
[17.197s] INFO:colcon.colcon_core.shell:Creating package script '/home/p/amprob_repo/Amprob_Lab1_I/cartesian_trajectory_planning-main/install/cartesian_trajectory_planning/share/cartesian_trajectory_planning/package.zsh'
[17.198s] Level 1:colcon.colcon_core.environment:create_file_with_runtime_dependencies(/home/p/amprob_repo/Amprob_Lab1_I/cartesian_trajectory_planning-main/install/cartesian_trajectory_planning/share/colcon-core/packages/cartesian_trajectory_planning)
[17.199s] Level 1:colcon.colcon_core.environment:create_environment_scripts_only(cartesian_trajectory_planning)
[17.199s] Level 1:colcon.colcon_core.environment:checking '/home/p/amprob_repo/Amprob_Lab1_I/cartesian_trajectory_planning-main/install/cartesian_trajectory_planning' for CMake module files
[17.200s] Level 1:colcon.colcon_core.environment:checking '/home/p/amprob_repo/Amprob_Lab1_I/cartesian_trajectory_planning-main/install/cartesian_trajectory_planning' for CMake config files
[17.200s] Level 1:colcon.colcon_core.shell:create_environment_hook('cartesian_trajectory_planning', 'cmake_prefix_path')
[17.201s] INFO:colcon.colcon_core.shell:Creating environment hook '/home/p/amprob_repo/Amprob_Lab1_I/cartesian_trajectory_planning-main/install/cartesian_trajectory_planning/share/cartesian_trajectory_planning/hook/cmake_prefix_path.ps1'
[17.201s] INFO:colcon.colcon_core.shell:Creating environment descriptor '/home/p/amprob_repo/Amprob_Lab1_I/cartesian_trajectory_planning-main/install/cartesian_trajectory_planning/share/cartesian_trajectory_planning/hook/cmake_prefix_path.dsv'
[17.202s] INFO:colcon.colcon_core.shell:Creating environment hook '/home/p/amprob_repo/Amprob_Lab1_I/cartesian_trajectory_planning-main/install/cartesian_trajectory_planning/share/cartesian_trajectory_planning/hook/cmake_prefix_path.sh'
[17.202s] Level 1:colcon.colcon_core.environment:checking '/home/p/amprob_repo/Amprob_Lab1_I/cartesian_trajectory_planning-main/install/cartesian_trajectory_planning/lib'
[17.202s] Level 1:colcon.colcon_core.shell:create_environment_hook('cartesian_trajectory_planning', 'ld_library_path_lib')
[17.203s] INFO:colcon.colcon_core.shell:Creating environment hook '/home/p/amprob_repo/Amprob_Lab1_I/cartesian_trajectory_planning-main/install/cartesian_trajectory_planning/share/cartesian_trajectory_planning/hook/ld_library_path_lib.ps1'
[17.203s] INFO:colcon.colcon_core.shell:Creating environment descriptor '/home/p/amprob_repo/Amprob_Lab1_I/cartesian_trajectory_planning-main/install/cartesian_trajectory_planning/share/cartesian_trajectory_planning/hook/ld_library_path_lib.dsv'
[17.203s] INFO:colcon.colcon_core.shell:Creating environment hook '/home/p/amprob_repo/Amprob_Lab1_I/cartesian_trajectory_planning-main/install/cartesian_trajectory_planning/share/cartesian_trajectory_planning/hook/ld_library_path_lib.sh'
[17.204s] Level 1:colcon.colcon_core.environment:checking '/home/p/amprob_repo/Amprob_Lab1_I/cartesian_trajectory_planning-main/install/cartesian_trajectory_planning/bin'
[17.204s] Level 1:colcon.colcon_core.environment:checking '/home/p/amprob_repo/Amprob_Lab1_I/cartesian_trajectory_planning-main/install/cartesian_trajectory_planning/lib/pkgconfig/cartesian_trajectory_planning.pc'
[17.204s] Level 1:colcon.colcon_core.environment:checking '/home/p/amprob_repo/Amprob_Lab1_I/cartesian_trajectory_planning-main/install/cartesian_trajectory_planning/lib/python3.10/site-packages'
[17.205s] Level 1:colcon.colcon_core.environment:checking '/home/p/amprob_repo/Amprob_Lab1_I/cartesian_trajectory_planning-main/install/cartesian_trajectory_planning/bin'
[17.205s] INFO:colcon.colcon_core.shell:Creating package script '/home/p/amprob_repo/Amprob_Lab1_I/cartesian_trajectory_planning-main/install/cartesian_trajectory_planning/share/cartesian_trajectory_planning/package.ps1'
[17.206s] INFO:colcon.colcon_core.shell:Creating package descriptor '/home/p/amprob_repo/Amprob_Lab1_I/cartesian_trajectory_planning-main/install/cartesian_trajectory_planning/share/cartesian_trajectory_planning/package.dsv'
[17.206s] INFO:colcon.colcon_core.shell:Creating package script '/home/p/amprob_repo/Amprob_Lab1_I/cartesian_trajectory_planning-main/install/cartesian_trajectory_planning/share/cartesian_trajectory_planning/package.sh'
[17.207s] INFO:colcon.colcon_core.shell:Creating package script '/home/p/amprob_repo/Amprob_Lab1_I/cartesian_trajectory_planning-main/install/cartesian_trajectory_planning/share/cartesian_trajectory_planning/package.bash'
[17.207s] INFO:colcon.colcon_core.shell:Creating package script '/home/p/amprob_repo/Amprob_Lab1_I/cartesian_trajectory_planning-main/install/cartesian_trajectory_planning/share/cartesian_trajectory_planning/package.zsh'
[17.208s] Level 1:colcon.colcon_core.environment:create_file_with_runtime_dependencies(/home/p/amprob_repo/Amprob_Lab1_I/cartesian_trajectory_planning-main/install/cartesian_trajectory_planning/share/colcon-core/packages/cartesian_trajectory_planning)
[17.209s] DEBUG:colcon.colcon_parallel_executor.executor.parallel:closing loop
[17.209s] DEBUG:colcon.colcon_parallel_executor.executor.parallel:loop closed
[17.210s] DEBUG:colcon.colcon_parallel_executor.executor.parallel:run_until_complete finished with '0'
[17.210s] DEBUG:colcon.colcon_core.event_reactor:joining thread
[17.216s] INFO:colcon.colcon_core.plugin_system:Skipping extension 'colcon_notification.desktop_notification.terminal_notifier': Not used on non-Darwin systems
[17.216s] INFO:colcon.colcon_core.plugin_system:Skipping extension 'colcon_notification.desktop_notification.win32': Not used on non-Windows systems
[17.216s] INFO:colcon.colcon_notification.desktop_notification:Sending desktop notification using 'notify2'
[17.228s] DEBUG:colcon.colcon_core.event_reactor:joined thread
[17.228s] INFO:colcon.colcon_core.shell:Creating prefix script '/home/p/amprob_repo/Amprob_Lab1_I/cartesian_trajectory_planning-main/install/local_setup.ps1'
[17.230s] INFO:colcon.colcon_core.shell:Creating prefix util module '/home/p/amprob_repo/Amprob_Lab1_I/cartesian_trajectory_planning-main/install/_local_setup_util_ps1.py'
[17.232s] INFO:colcon.colcon_core.shell:Creating prefix chain script '/home/p/amprob_repo/Amprob_Lab1_I/cartesian_trajectory_planning-main/install/setup.ps1'
[17.234s] INFO:colcon.colcon_core.shell:Creating prefix script '/home/p/amprob_repo/Amprob_Lab1_I/cartesian_trajectory_planning-main/install/local_setup.sh'
[17.234s] INFO:colcon.colcon_core.shell:Creating prefix util module '/home/p/amprob_repo/Amprob_Lab1_I/cartesian_trajectory_planning-main/install/_local_setup_util_sh.py'
[17.235s] INFO:colcon.colcon_core.shell:Creating prefix chain script '/home/p/amprob_repo/Amprob_Lab1_I/cartesian_trajectory_planning-main/install/setup.sh'
[17.237s] INFO:colcon.colcon_core.shell:Creating prefix script '/home/p/amprob_repo/Amprob_Lab1_I/cartesian_trajectory_planning-main/install/local_setup.bash'
[17.237s] INFO:colcon.colcon_core.shell:Creating prefix chain script '/home/p/amprob_repo/Amprob_Lab1_I/cartesian_trajectory_planning-main/install/setup.bash'
[17.239s] INFO:colcon.colcon_core.shell:Creating prefix script '/home/p/amprob_repo/Amprob_Lab1_I/cartesian_trajectory_planning-main/install/local_setup.zsh'
[17.240s] INFO:colcon.colcon_core.shell:Creating prefix chain script '/home/p/amprob_repo/Amprob_Lab1_I/cartesian_trajectory_planning-main/install/setup.zsh'
